01:27:57 **** Build of project standalone_bsp ****
make -k all 
"Running Make include in ps7_cortexa9_0/libsrc/coresightps_dcc_v1_4/src"
make -C ps7_cortexa9_0/libsrc/coresightps_dcc_v1_4/src -s include  "SHELL=CMD" "COMPILER=arm-none-eabi-gcc" "ARCHIVER=arm-none-eabi-ar" "COMPILER_FLAGS=  -O2 -c" "EXTRA_COMPILER_FLAGS=-mcpu=cortex-a9 -mfpu=vfpv3 -mfloat-abi=hard -nostartfiles -g -Wall -Wextra"
"Running Make include in ps7_cortexa9_0/libsrc/cpu_cortexa9_v2_6/src"
make -C ps7_cortexa9_0/libsrc/cpu_cortexa9_v2_6/src -s include  "SHELL=CMD" "COMPILER=arm-none-eabi-gcc" "ARCHIVER=arm-none-eabi-ar" "COMPILER_FLAGS=  -O2 -c" "EXTRA_COMPILER_FLAGS=-mcpu=cortex-a9 -mfpu=vfpv3 -mfloat-abi=hard -nostartfiles -g -Wall -Wextra"
"Running Make include in ps7_cortexa9_0/libsrc/ddrps_v1_0/src"
make -C ps7_cortexa9_0/libsrc/ddrps_v1_0/src -s include  "SHELL=CMD" "COMPILER=arm-none-eabi-gcc" "ARCHIVER=arm-none-eabi-ar" "COMPILER_FLAGS=  -O2 -c" "EXTRA_COMPILER_FLAGS=-mcpu=cortex-a9 -mfpu=vfpv3 -mfloat-abi=hard -nostartfiles -g -Wall -Wextra"
"Running Make include in ps7_cortexa9_0/libsrc/devcfg_v3_5/src"
make -C ps7_cortexa9_0/libsrc/devcfg_v3_5/src -s include  "SHELL=CMD" "COMPILER=arm-none-eabi-gcc" "ARCHIVER=arm-none-eabi-ar" "COMPILER_FLAGS=  -O2 -c" "EXTRA_COMPILER_FLAGS=-mcpu=cortex-a9 -mfpu=vfpv3 -mfloat-abi=hard -nostartfiles -g -Wall -Wextra"
"Running Make include in ps7_cortexa9_0/libsrc/dmaps_v2_3/src"
make -C ps7_cortexa9_0/libsrc/dmaps_v2_3/src -s include  "SHELL=CMD" "COMPILER=arm-none-eabi-gcc" "ARCHIVER=arm-none-eabi-ar" "COMPILER_FLAGS=  -O2 -c" "EXTRA_COMPILER_FLAGS=-mcpu=cortex-a9 -mfpu=vfpv3 -mfloat-abi=hard -nostartfiles -g -Wall -Wextra"
"Running Make include in ps7_cortexa9_0/libsrc/emacps_v3_7/src"
make -C ps7_cortexa9_0/libsrc/emacps_v3_7/src -s include  "SHELL=CMD" "COMPILER=arm-none-eabi-gcc" "ARCHIVER=arm-none-eabi-ar" "COMPILER_FLAGS=  -O2 -c" "EXTRA_COMPILER_FLAGS=-mcpu=cortex-a9 -mfpu=vfpv3 -mfloat-abi=hard -nostartfiles -g -Wall -Wextra"
"Running Make include in ps7_cortexa9_0/libsrc/gpiops_v3_3/src"
make -C ps7_cortexa9_0/libsrc/gpiops_v3_3/src -s include  "SHELL=CMD" "COMPILER=arm-none-eabi-gcc" "ARCHIVER=arm-none-eabi-ar" "COMPILER_FLAGS=  -O2 -c" "EXTRA_COMPILER_FLAGS=-mcpu=cortex-a9 -mfpu=vfpv3 -mfloat-abi=hard -nostartfiles -g -Wall -Wextra"
"Running Make include in ps7_cortexa9_0/libsrc/lwip202_v1_1/src"
make -C ps7_cortexa9_0/libsrc/lwip202_v1_1/src -s include  "SHELL=CMD" "COMPILER=arm-none-eabi-gcc" "ARCHIVER=arm-none-eabi-ar" "COMPILER_FLAGS=  -O2 -c" "EXTRA_COMPILER_FLAGS=-mcpu=cortex-a9 -mfpu=vfpv3 -mfloat-abi=hard -nostartfiles -g -Wall -Wextra"
"Running Make include in ps7_cortexa9_0/libsrc/qspips_v3_4/src"
make -C ps7_cortexa9_0/libsrc/qspips_v3_4/src -s include  "SHELL=CMD" "COMPILER=arm-none-eabi-gcc" "ARCHIVER=arm-none-eabi-ar" "COMPILER_FLAGS=  -O2 -c" "EXTRA_COMPILER_FLAGS=-mcpu=cortex-a9 -mfpu=vfpv3 -mfloat-abi=hard -nostartfiles -g -Wall -Wextra"
"Running Make include in ps7_cortexa9_0/libsrc/scugic_v3_9/src"
make -C ps7_cortexa9_0/libsrc/scugic_v3_9/src -s include  "SHELL=CMD" "COMPILER=arm-none-eabi-gcc" "ARCHIVER=arm-none-eabi-ar" "COMPILER_FLAGS=  -O2 -c" "EXTRA_COMPILER_FLAGS=-mcpu=cortex-a9 -mfpu=vfpv3 -mfloat-abi=hard -nostartfiles -g -Wall -Wextra"
"Running Make include in ps7_cortexa9_0/libsrc/scutimer_v2_1/src"
make -C ps7_cortexa9_0/libsrc/scutimer_v2_1/src -s include  "SHELL=CMD" "COMPILER=arm-none-eabi-gcc" "ARCHIVER=arm-none-eabi-ar" "COMPILER_FLAGS=  -O2 -c" "EXTRA_COMPILER_FLAGS=-mcpu=cortex-a9 -mfpu=vfpv3 -mfloat-abi=hard -nostartfiles -g -Wall -Wextra"
"Running Make include in ps7_cortexa9_0/libsrc/scuwdt_v2_1/src"
make -C ps7_cortexa9_0/libsrc/scuwdt_v2_1/src -s include  "SHELL=CMD" "COMPILER=arm-none-eabi-gcc" "ARCHIVER=arm-none-eabi-ar" "COMPILER_FLAGS=  -O2 -c" "EXTRA_COMPILER_FLAGS=-mcpu=cortex-a9 -mfpu=vfpv3 -mfloat-abi=hard -nostartfiles -g -Wall -Wextra"
"Running Make include in ps7_cortexa9_0/libsrc/sdps_v3_5/src"
make -C ps7_cortexa9_0/libsrc/sdps_v3_5/src -s include  "SHELL=CMD" "COMPILER=arm-none-eabi-gcc" "ARCHIVER=arm-none-eabi-ar" "COMPILER_FLAGS=  -O2 -c" "EXTRA_COMPILER_FLAGS=-mcpu=cortex-a9 -mfpu=vfpv3 -mfloat-abi=hard -nostartfiles -g -Wall -Wextra"
"Running Make include in ps7_cortexa9_0/libsrc/standalone_v6_7/src"
make -C ps7_cortexa9_0/libsrc/standalone_v6_7/src -s include  "SHELL=CMD" "COMPILER=arm-none-eabi-gcc" "ARCHIVER=arm-none-eabi-ar" "COMPILER_FLAGS=  -O2 -c" "EXTRA_COMPILER_FLAGS=-mcpu=cortex-a9 -mfpu=vfpv3 -mfloat-abi=hard -nostartfiles -g -Wall -Wextra"
"Running Make include in ps7_cortexa9_0/libsrc/ttcps_v3_6/src"
make -C ps7_cortexa9_0/libsrc/ttcps_v3_6/src -s include  "SHELL=CMD" "COMPILER=arm-none-eabi-gcc" "ARCHIVER=arm-none-eabi-ar" "COMPILER_FLAGS=  -O2 -c" "EXTRA_COMPILER_FLAGS=-mcpu=cortex-a9 -mfpu=vfpv3 -mfloat-abi=hard -nostartfiles -g -Wall -Wextra"
"Running Make include in ps7_cortexa9_0/libsrc/uartps_v3_6/src"
make -C ps7_cortexa9_0/libsrc/uartps_v3_6/src -s include  "SHELL=CMD" "COMPILER=arm-none-eabi-gcc" "ARCHIVER=arm-none-eabi-ar" "COMPILER_FLAGS=  -O2 -c" "EXTRA_COMPILER_FLAGS=-mcpu=cortex-a9 -mfpu=vfpv3 -mfloat-abi=hard -nostartfiles -g -Wall -Wextra"
"Running Make include in ps7_cortexa9_0/libsrc/usbps_v2_4/src"
make -C ps7_cortexa9_0/libsrc/usbps_v2_4/src -s include  "SHELL=CMD" "COMPILER=arm-none-eabi-gcc" "ARCHIVER=arm-none-eabi-ar" "COMPILER_FLAGS=  -O2 -c" "EXTRA_COMPILER_FLAGS=-mcpu=cortex-a9 -mfpu=vfpv3 -mfloat-abi=hard -nostartfiles -g -Wall -Wextra"
"Running Make include in ps7_cortexa9_0/libsrc/xadcps_v2_2/src"
make -C ps7_cortexa9_0/libsrc/xadcps_v2_2/src -s include  "SHELL=CMD" "COMPILER=arm-none-eabi-gcc" "ARCHIVER=arm-none-eabi-ar" "COMPILER_FLAGS=  -O2 -c" "EXTRA_COMPILER_FLAGS=-mcpu=cortex-a9 -mfpu=vfpv3 -mfloat-abi=hard -nostartfiles -g -Wall -Wextra"
"Running Make include in ps7_cortexa9_0/libsrc/xilmfs_v2_3/src"
make -C ps7_cortexa9_0/libsrc/xilmfs_v2_3/src -s include  "SHELL=CMD" "COMPILER=arm-none-eabi-gcc" "ARCHIVER=arm-none-eabi-ar" "COMPILER_FLAGS=  -O2 -c" "EXTRA_COMPILER_FLAGS=-mcpu=cortex-a9 -mfpu=vfpv3 -mfloat-abi=hard -nostartfiles -g -Wall -Wextra"
"Running Make libs in ps7_cortexa9_0/libsrc/coresightps_dcc_v1_4/src"
make -C ps7_cortexa9_0/libsrc/coresightps_dcc_v1_4/src -s libs  "SHELL=CMD" "COMPILER=arm-none-eabi-gcc" "ARCHIVER=arm-none-eabi-ar" "COMPILER_FLAGS=  -O2 -c" "EXTRA_COMPILER_FLAGS=-mcpu=cortex-a9 -mfpu=vfpv3 -mfloat-abi=hard -nostartfiles -g -Wall -Wextra"
"Compiling coresightps_dcc"
arm-none-eabi-ar: creating ../../../lib/libxil.a
"Running Make libs in ps7_cortexa9_0/libsrc/cpu_cortexa9_v2_6/src"
make -C ps7_cortexa9_0/libsrc/cpu_cortexa9_v2_6/src -s libs  "SHELL=CMD" "COMPILER=arm-none-eabi-gcc" "ARCHIVER=arm-none-eabi-ar" "COMPILER_FLAGS=  -O2 -c" "EXTRA_COMPILER_FLAGS=-mcpu=cortex-a9 -mfpu=vfpv3 -mfloat-abi=hard -nostartfiles -g -Wall -Wextra"
"Compiling cpu_cortexa9"
"Running Make libs in ps7_cortexa9_0/libsrc/ddrps_v1_0/src"
make -C ps7_cortexa9_0/libsrc/ddrps_v1_0/src -s libs  "SHELL=CMD" "COMPILER=arm-none-eabi-gcc" "ARCHIVER=arm-none-eabi-ar" "COMPILER_FLAGS=  -O2 -c" "EXTRA_COMPILER_FLAGS=-mcpu=cortex-a9 -mfpu=vfpv3 -mfloat-abi=hard -nostartfiles -g -Wall -Wextra"
"Compiling ddrps"
"Running Make libs in ps7_cortexa9_0/libsrc/devcfg_v3_5/src"
make -C ps7_cortexa9_0/libsrc/devcfg_v3_5/src -s libs  "SHELL=CMD" "COMPILER=arm-none-eabi-gcc" "ARCHIVER=arm-none-eabi-ar" "COMPILER_FLAGS=  -O2 -c" "EXTRA_COMPILER_FLAGS=-mcpu=cortex-a9 -mfpu=vfpv3 -mfloat-abi=hard -nostartfiles -g -Wall -Wextra"
"Compiling devcfg"
"Running Make libs in ps7_cortexa9_0/libsrc/dmaps_v2_3/src"
make -C ps7_cortexa9_0/libsrc/dmaps_v2_3/src -s libs  "SHELL=CMD" "COMPILER=arm-none-eabi-gcc" "ARCHIVER=arm-none-eabi-ar" "COMPILER_FLAGS=  -O2 -c" "EXTRA_COMPILER_FLAGS=-mcpu=cortex-a9 -mfpu=vfpv3 -mfloat-abi=hard -nostartfiles -g -Wall -Wextra"
"Compiling dmaps"
"Running Make libs in ps7_cortexa9_0/libsrc/emacps_v3_7/src"
make -C ps7_cortexa9_0/libsrc/emacps_v3_7/src -s libs  "SHELL=CMD" "COMPILER=arm-none-eabi-gcc" "ARCHIVER=arm-none-eabi-ar" "COMPILER_FLAGS=  -O2 -c" "EXTRA_COMPILER_FLAGS=-mcpu=cortex-a9 -mfpu=vfpv3 -mfloat-abi=hard -nostartfiles -g -Wall -Wextra"
"Compiling emacps"
"Running Make libs in ps7_cortexa9_0/libsrc/gpiops_v3_3/src"
make -C ps7_cortexa9_0/libsrc/gpiops_v3_3/src -s libs  "SHELL=CMD" "COMPILER=arm-none-eabi-gcc" "ARCHIVER=arm-none-eabi-ar" "COMPILER_FLAGS=  -O2 -c" "EXTRA_COMPILER_FLAGS=-mcpu=cortex-a9 -mfpu=vfpv3 -mfloat-abi=hard -nostartfiles -g -Wall -Wextra"
"Compiling gpiops"
"Running Make libs in ps7_cortexa9_0/libsrc/lwip202_v1_1/src"
make -C ps7_cortexa9_0/libsrc/lwip202_v1_1/src -s libs  "SHELL=CMD" "COMPILER=arm-none-eabi-gcc" "ARCHIVER=arm-none-eabi-ar" "COMPILER_FLAGS=  -O2 -c" "EXTRA_COMPILER_FLAGS=-mcpu=cortex-a9 -mfpu=vfpv3 -mfloat-abi=hard -nostartfiles -g -Wall -Wextra"
"Compiling lwip src and adapter files"
contrib/ports/xilinx/netif/xemacpsif.c: In function 'xemacpsif_init':
contrib/ports/xilinx/netif/xemacpsif.c:728:16: warning: assignment from incompatible pointer type [-Wincompatible-pointer-types]
  netif->output = xemacpsif_output;
                ^
In file included from ../../../include/xemacps.h:350:0,
                 from ../../../include/netif/xemacpsif.h:59,
                 from contrib/ports/xilinx/netif/xemacpsif_dma.c:39:
contrib/ports/xilinx/netif/xemacpsif_dma.c: In function 'init_dma':
../../../include/xemacps_hw.h:603:23: warning: 'bdrxterminate' may be used uninitialized in this function [-Wmaybe-uninitialized]
 #define XEmacPs_Out32 Xil_Out32
                       ^~~~~~~~~
contrib/ports/xilinx/netif/xemacpsif_dma.c:558:14: note: 'bdrxterminate' was declared here
  XEmacPs_Bd *bdrxterminate;
              ^~~~~~~~~~~~~
In file included from ../../../include/xemacps.h:351:0,
                 from ../../../include/netif/xemacpsif.h:59,
                 from contrib/ports/xilinx/netif/xemacpsif_dma.c:39:
../../../include/xemacps_bd.h:144:12: warning: 'bdtxterminate' may be used uninitialized in this function [-Wmaybe-uninitialized]
  (*(u32 *)((UINTPTR)((void*)(BaseAddress)) + (u32)(Offset)))
            ^
contrib/ports/xilinx/netif/xemacpsif_dma.c:557:14: note: 'bdtxterminate' was declared here
  XEmacPs_Bd *bdtxterminate;
              ^~~~~~~~~~~~~
"Running Make libs in ps7_cortexa9_0/libsrc/qspips_v3_4/src"
make -C ps7_cortexa9_0/libsrc/qspips_v3_4/src -s libs  "SHELL=CMD" "COMPILER=arm-none-eabi-gcc" "ARCHIVER=arm-none-eabi-ar" "COMPILER_FLAGS=  -O2 -c" "EXTRA_COMPILER_FLAGS=-mcpu=cortex-a9 -mfpu=vfpv3 -mfloat-abi=hard -nostartfiles -g -Wall -Wextra"
"Compiling qspips"
"Running Make libs in ps7_cortexa9_0/libsrc/scugic_v3_9/src"
make -C ps7_cortexa9_0/libsrc/scugic_v3_9/src -s libs  "SHELL=CMD" "COMPILER=arm-none-eabi-gcc" "ARCHIVER=arm-none-eabi-ar" "COMPILER_FLAGS=  -O2 -c" "EXTRA_COMPILER_FLAGS=-mcpu=cortex-a9 -mfpu=vfpv3 -mfloat-abi=hard -nostartfiles -g -Wall -Wextra"
"Compiling scugic"
"Running Make libs in ps7_cortexa9_0/libsrc/scutimer_v2_1/src"
make -C ps7_cortexa9_0/libsrc/scutimer_v2_1/src -s libs  "SHELL=CMD" "COMPILER=arm-none-eabi-gcc" "ARCHIVER=arm-none-eabi-ar" "COMPILER_FLAGS=  -O2 -c" "EXTRA_COMPILER_FLAGS=-mcpu=cortex-a9 -mfpu=vfpv3 -mfloat-abi=hard -nostartfiles -g -Wall -Wextra"
"Compiling scutimer"
"Running Make libs in ps7_cortexa9_0/libsrc/scuwdt_v2_1/src"
make -C ps7_cortexa9_0/libsrc/scuwdt_v2_1/src -s libs  "SHELL=CMD" "COMPILER=arm-none-eabi-gcc" "ARCHIVER=arm-none-eabi-ar" "COMPILER_FLAGS=  -O2 -c" "EXTRA_COMPILER_FLAGS=-mcpu=cortex-a9 -mfpu=vfpv3 -mfloat-abi=hard -nostartfiles -g -Wall -Wextra"
"Compiling scuwdt"
"Running Make libs in ps7_cortexa9_0/libsrc/sdps_v3_5/src"
make -C ps7_cortexa9_0/libsrc/sdps_v3_5/src -s libs  "SHELL=CMD" "COMPILER=arm-none-eabi-gcc" "ARCHIVER=arm-none-eabi-ar" "COMPILER_FLAGS=  -O2 -c" "EXTRA_COMPILER_FLAGS=-mcpu=cortex-a9 -mfpu=vfpv3 -mfloat-abi=hard -nostartfiles -g -Wall -Wextra"
"Compiling sdps"
"Running Make libs in ps7_cortexa9_0/libsrc/standalone_v6_7/src"
make -C ps7_cortexa9_0/libsrc/standalone_v6_7/src -s libs  "SHELL=CMD" "COMPILER=arm-none-eabi-gcc" "ARCHIVER=arm-none-eabi-ar" "COMPILER_FLAGS=  -O2 -c" "EXTRA_COMPILER_FLAGS=-mcpu=cortex-a9 -mfpu=vfpv3 -mfloat-abi=hard -nostartfiles -g -Wall -Wextra"
"Compiling standalone"
In file included from sleep.c:57:0:
xtime_l.h:89:9: note: #pragma message: For the sleep routines, Global timer is being used
 #pragma message ("For the sleep routines, Global timer is being used")
         ^~~~~~~
In file included from usleep.c:60:0:
xtime_l.h:89:9: note: #pragma message: For the sleep routines, Global timer is being used
 #pragma message ("For the sleep routines, Global timer is being used")
         ^~~~~~~
In file included from xil_sleeptimer.c:55:0:
xtime_l.h:89:9: note: #pragma message: For the sleep routines, Global timer is being used
 #pragma message ("For the sleep routines, Global timer is being used")
         ^~~~~~~
In file included from xtime_l.c:53:0:
xtime_l.h:89:9: note: #pragma message: For the sleep routines, Global timer is being used
 #pragma message ("For the sleep routines, Global timer is being used")
         ^~~~~~~
"Running Make libs in ps7_cortexa9_0/libsrc/ttcps_v3_6/src"
make -C ps7_cortexa9_0/libsrc/ttcps_v3_6/src -s libs  "SHELL=CMD" "COMPILER=arm-none-eabi-gcc" "ARCHIVER=arm-none-eabi-ar" "COMPILER_FLAGS=  -O2 -c" "EXTRA_COMPILER_FLAGS=-mcpu=cortex-a9 -mfpu=vfpv3 -mfloat-abi=hard -nostartfiles -g -Wall -Wextra"
"Compiling ttcps"
"Running Make libs in ps7_cortexa9_0/libsrc/uartps_v3_6/src"
make -C ps7_cortexa9_0/libsrc/uartps_v3_6/src -s libs  "SHELL=CMD" "COMPILER=arm-none-eabi-gcc" "ARCHIVER=arm-none-eabi-ar" "COMPILER_FLAGS=  -O2 -c" "EXTRA_COMPILER_FLAGS=-mcpu=cortex-a9 -mfpu=vfpv3 -mfloat-abi=hard -nostartfiles -g -Wall -Wextra"
"Compiling uartps"
"Running Make libs in ps7_cortexa9_0/libsrc/usbps_v2_4/src"
make -C ps7_cortexa9_0/libsrc/usbps_v2_4/src -s libs  "SHELL=CMD" "COMPILER=arm-none-eabi-gcc" "ARCHIVER=arm-none-eabi-ar" "COMPILER_FLAGS=  -O2 -c" "EXTRA_COMPILER_FLAGS=-mcpu=cortex-a9 -mfpu=vfpv3 -mfloat-abi=hard -nostartfiles -g -Wall -Wextra"
"Compiling usbps"
"Running Make libs in ps7_cortexa9_0/libsrc/xadcps_v2_2/src"
make -C ps7_cortexa9_0/libsrc/xadcps_v2_2/src -s libs  "SHELL=CMD" "COMPILER=arm-none-eabi-gcc" "ARCHIVER=arm-none-eabi-ar" "COMPILER_FLAGS=  -O2 -c" "EXTRA_COMPILER_FLAGS=-mcpu=cortex-a9 -mfpu=vfpv3 -mfloat-abi=hard -nostartfiles -g -Wall -Wextra"
"Compiling xadcps"
"Running Make libs in ps7_cortexa9_0/libsrc/xilmfs_v2_3/src"
make -C ps7_cortexa9_0/libsrc/xilmfs_v2_3/src -s libs  "SHELL=CMD" "COMPILER=arm-none-eabi-gcc" "ARCHIVER=arm-none-eabi-ar" "COMPILER_FLAGS=  -O2 -c" "EXTRA_COMPILER_FLAGS=-mcpu=cortex-a9 -mfpu=vfpv3 -mfloat-abi=hard -nostartfiles -g -Wall -Wextra"
"Compiling XilMFS Library"
mfs_filesys.c: In function 'mfs_file_lseek':
mfs_filesys.c:1010:16: warning: comparison between signed and unsigned integer expressions [-Wsign-compare]
     if (offset >= mfs_file_system[mfs_open_files[fd].first_block].block_size) { /* attempting to seek beyond end of file */
                ^~
'Finished building libraries'

**** Build of configuration Debug for project img_processing_app ****

Nothing to build for project img_processing_app
01:28:58 **** Auto Build of configuration Debug for project img_processing_app ****
make pre-build main-build 
a9-linaro-pre-build-step
' '
'Building file: ../src/echo.c'
'Invoking: ARM v7 gcc compiler'
arm-none-eabi-gcc -Wall -O0 -g3 -c -fmessage-length=0 -MT"src/echo.o" -mcpu=cortex-a9 -mfpu=vfpv3 -mfloat-abi=hard -I../../standalone_bsp/ps7_cortexa9_0/include -MMD -MP -MF"src/echo.d" -MT"src/echo.o" -o "src/echo.o" "../src/echo.c"
'Finished building: ../src/echo.c'
' '
'Building file: ../src/helpers.c'
'Invoking: ARM v7 gcc compiler'
arm-none-eabi-gcc -Wall -O0 -g3 -c -fmessage-length=0 -MT"src/helpers.o" -mcpu=cortex-a9 -mfpu=vfpv3 -mfloat-abi=hard -I../../standalone_bsp/ps7_cortexa9_0/include -MMD -MP -MF"src/helpers.d" -MT"src/helpers.o" -o "src/helpers.o" "../src/helpers.c"
../src/helpers.c: In function 'print_http_request':
../src/helpers.c:47:6: warning: unused variable 'i' [-Wunused-variable]
  int i;
      ^
../src/helpers.c: In function 'generate_http_header':
../src/helpers.c:56:9: warning: pointer targets in passing argument 1 of 'strcpy' differ in signedness [-Wpointer-sign]
  strcpy(buf, "HTTP/1.1 200 OK\r\nContent-Type: ");
         ^~~
In file included from c:\xilinx\sdk\2018.2\gnu\aarch32\nt\gcc-arm-none-eabi\arm-none-eabi\libc\usr\include\string.h:10:0,
                 from ../src/helpers.c:19:
c:\xilinx\sdk\2018.2\gnu\aarch32\nt\gcc-arm-none-eabi\arm-none-eabi\libc\usr\include\string.h:30:8: note: expected 'char * restrict' but argument is of type 'unsigned char *'
 char  *_EXFUN(strcpy,(char *__restrict, const char *__restrict));
        ^
../src/helpers.c:57:10: warning: comparison of distinct pointer types lacks a cast
  if(type == "html")
          ^~
../src/helpers.c:57:10: warning: comparison with string literal results in unspecified behavior [-Waddress]
../src/helpers.c:58:10: warning: pointer targets in passing argument 1 of 'strcat' differ in signedness [-Wpointer-sign]
   strcat(buf, "text/html");
          ^~~
In file included from c:\xilinx\sdk\2018.2\gnu\aarch32\nt\gcc-arm-none-eabi\arm-none-eabi\libc\usr\include\string.h:10:0,
                 from ../src/helpers.c:19:
c:\xilinx\sdk\2018.2\gnu\aarch32\nt\gcc-arm-none-eabi\arm-none-eabi\libc\usr\include\string.h:26:8: note: expected 'char * restrict' but argument is of type 'unsigned char *'
 char  *_EXFUN(strcat,(char *__restrict, const char *__restrict));
        ^
../src/helpers.c:59:15: warning: comparison of distinct pointer types lacks a cast
  else if(type == "css")
               ^~
../src/helpers.c:59:15: warning: comparison with string literal results in unspecified behavior [-Waddress]
../src/helpers.c:60:10: warning: pointer targets in passing argument 1 of 'strcat' differ in signedness [-Wpointer-sign]
   strcat(buf, "text/css");
          ^~~
In file included from c:\xilinx\sdk\2018.2\gnu\aarch32\nt\gcc-arm-none-eabi\arm-none-eabi\libc\usr\include\string.h:10:0,
                 from ../src/helpers.c:19:
c:\xilinx\sdk\2018.2\gnu\aarch32\nt\gcc-arm-none-eabi\arm-none-eabi\libc\usr\include\string.h:26:8: note: expected 'char * restrict' but argument is of type 'unsigned char *'
 char  *_EXFUN(strcat,(char *__restrict, const char *__restrict));
        ^
../src/helpers.c:61:15: warning: comparison of distinct pointer types lacks a cast
  else if(type == "js")
               ^~
../src/helpers.c:61:15: warning: comparison with string literal results in unspecified behavior [-Waddress]
../src/helpers.c:62:10: warning: pointer targets in passing argument 1 of 'strcat' differ in signedness [-Wpointer-sign]
   strcat(buf, "application/javascript");
          ^~~
In file included from c:\xilinx\sdk\2018.2\gnu\aarch32\nt\gcc-arm-none-eabi\arm-none-eabi\libc\usr\include\string.h:10:0,
                 from ../src/helpers.c:19:
c:\xilinx\sdk\2018.2\gnu\aarch32\nt\gcc-arm-none-eabi\arm-none-eabi\libc\usr\include\string.h:26:8: note: expected 'char * restrict' but argument is of type 'unsigned char *'
 char  *_EXFUN(strcat,(char *__restrict, const char *__restrict));
        ^
../src/helpers.c:64:9: warning: pointer targets in passing argument 1 of 'strcat' differ in signedness [-Wpointer-sign]
  strcat(buf, "\r\n");
         ^~~
In file included from c:\xilinx\sdk\2018.2\gnu\aarch32\nt\gcc-arm-none-eabi\arm-none-eabi\libc\usr\include\string.h:10:0,
                 from ../src/helpers.c:19:
c:\xilinx\sdk\2018.2\gnu\aarch32\nt\gcc-arm-none-eabi\arm-none-eabi\libc\usr\include\string.h:26:8: note: expected 'char * restrict' but argument is of type 'unsigned char *'
 char  *_EXFUN(strcat,(char *__restrict, const char *__restrict));
        ^
../src/helpers.c:67:9: warning: pointer targets in passing argument 1 of 'strcat' differ in signedness [-Wpointer-sign]
  strcat(buf, lbuf);
         ^~~
In file included from c:\xilinx\sdk\2018.2\gnu\aarch32\nt\gcc-arm-none-eabi\arm-none-eabi\libc\usr\include\string.h:10:0,
                 from ../src/helpers.c:19:
c:\xilinx\sdk\2018.2\gnu\aarch32\nt\gcc-arm-none-eabi\arm-none-eabi\libc\usr\include\string.h:26:8: note: expected 'char * restrict' but argument is of type 'unsigned char *'
 char  *_EXFUN(strcat,(char *__restrict, const char *__restrict));
        ^
../src/helpers.c:68:9: warning: pointer targets in passing argument 1 of 'strcat' differ in signedness [-Wpointer-sign]
  strcat(buf, "\r\n");
         ^~~
In file included from c:\xilinx\sdk\2018.2\gnu\aarch32\nt\gcc-arm-none-eabi\arm-none-eabi\libc\usr\include\string.h:10:0,
                 from ../src/helpers.c:19:
c:\xilinx\sdk\2018.2\gnu\aarch32\nt\gcc-arm-none-eabi\arm-none-eabi\libc\usr\include\string.h:26:8: note: expected 'char * restrict' but argument is of type 'unsigned char *'
 char  *_EXFUN(strcat,(char *__restrict, const char *__restrict));
        ^
../src/helpers.c:70:9: warning: pointer targets in passing argument 1 of 'strcat' differ in signedness [-Wpointer-sign]
  strcat(buf, "Connection: close\r\n");
         ^~~
In file included from c:\xilinx\sdk\2018.2\gnu\aarch32\nt\gcc-arm-none-eabi\arm-none-eabi\libc\usr\include\string.h:10:0,
                 from ../src/helpers.c:19:
c:\xilinx\sdk\2018.2\gnu\aarch32\nt\gcc-arm-none-eabi\arm-none-eabi\libc\usr\include\string.h:26:8: note: expected 'char * restrict' but argument is of type 'unsigned char *'
 char  *_EXFUN(strcat,(char *__restrict, const char *__restrict));
        ^
../src/helpers.c:71:9: warning: pointer targets in passing argument 1 of 'strcat' differ in signedness [-Wpointer-sign]
  strcat(buf, "\r\n");
         ^~~
In file included from c:\xilinx\sdk\2018.2\gnu\aarch32\nt\gcc-arm-none-eabi\arm-none-eabi\libc\usr\include\string.h:10:0,
                 from ../src/helpers.c:19:
c:\xilinx\sdk\2018.2\gnu\aarch32\nt\gcc-arm-none-eabi\arm-none-eabi\libc\usr\include\string.h:26:8: note: expected 'char * restrict' but argument is of type 'unsigned char *'
 char  *_EXFUN(strcat,(char *__restrict, const char *__restrict));
        ^
../src/helpers.c:73:16: warning: pointer targets in passing argument 1 of 'strlen' differ in signedness [-Wpointer-sign]
  return strlen(buf);
                ^~~
In file included from c:\xilinx\sdk\2018.2\gnu\aarch32\nt\gcc-arm-none-eabi\arm-none-eabi\libc\usr\include\string.h:10:0,
                 from ../src/helpers.c:19:
c:\xilinx\sdk\2018.2\gnu\aarch32\nt\gcc-arm-none-eabi\arm-none-eabi\libc\usr\include\string.h:33:9: note: expected 'const char *' but argument is of type 'unsigned char *'
 size_t  _EXFUN(strlen,(const char *));
         ^
'Finished building: ../src/helpers.c'
' '
'Building file: ../src/main.c'
'Invoking: ARM v7 gcc compiler'
arm-none-eabi-gcc -Wall -O0 -g3 -c -fmessage-length=0 -MT"src/main.o" -mcpu=cortex-a9 -mfpu=vfpv3 -mfloat-abi=hard -I../../standalone_bsp/ps7_cortexa9_0/include -MMD -MP -MF"src/main.d" -MT"src/main.o" -o "src/main.o" "../src/main.c"
../src/main.c:47:26: warning: 'struct ip_addr' declared inside parameter list will not be visible outside of this definition or declaration
 print_ip_settings(struct ip_addr *ip, struct ip_addr *mask, struct ip_addr *gw)
                          ^~~~~~~
../src/main.c: In function 'print_ip_settings':
../src/main.c:49:34: warning: passing argument 2 of 'print_ip' from incompatible pointer type [-Wincompatible-pointer-types]
     print_ip("Board IP:       ", ip);
                                  ^~
../src/main.c:39:1: note: expected 'ip4_addr_t * {aka struct ip4_addr *}' but argument is of type 'struct ip_addr *'
 print_ip(char *msg, ip4_addr_t *ip)
 ^~~~~~~~
../src/main.c:50:34: warning: passing argument 2 of 'print_ip' from incompatible pointer type [-Wincompatible-pointer-types]
     print_ip("Netmask :       ", mask);
                                  ^~~~
../src/main.c:39:1: note: expected 'ip4_addr_t * {aka struct ip4_addr *}' but argument is of type 'struct ip_addr *'
 print_ip(char *msg, ip4_addr_t *ip)
 ^~~~~~~~
../src/main.c:51:34: warning: passing argument 2 of 'print_ip' from incompatible pointer type [-Wincompatible-pointer-types]
     print_ip("Gateway :       ", gw);
                                  ^~
../src/main.c:39:1: note: expected 'ip4_addr_t * {aka struct ip4_addr *}' but argument is of type 'struct ip_addr *'
 print_ip(char *msg, ip4_addr_t *ip)
 ^~~~~~~~
../src/main.c: In function 'main':
../src/main.c:65:2: warning: implicit declaration of function 'init_fs'; did you mean 'mfs_init_fs'? [-Wimplicit-function-declaration]
  init_fs();
  ^~~~~~~
  mfs_init_fs
../src/main.c:75:23: warning: passing argument 1 of 'print_ip_settings' from incompatible pointer type [-Wincompatible-pointer-types]
     print_ip_settings(&ip4addr, &netmask, &gw);
                       ^
../src/main.c:47:1: note: expected 'struct ip_addr *' but argument is of type 'ip4_addr_t * {aka struct ip4_addr *}'
 print_ip_settings(struct ip_addr *ip, struct ip_addr *mask, struct ip_addr *gw)
 ^~~~~~~~~~~~~~~~~
../src/main.c:75:33: warning: passing argument 2 of 'print_ip_settings' from incompatible pointer type [-Wincompatible-pointer-types]
     print_ip_settings(&ip4addr, &netmask, &gw);
                                 ^
../src/main.c:47:1: note: expected 'struct ip_addr *' but argument is of type 'ip4_addr_t * {aka struct ip4_addr *}'
 print_ip_settings(struct ip_addr *ip, struct ip_addr *mask, struct ip_addr *gw)
 ^~~~~~~~~~~~~~~~~
../src/main.c:75:43: warning: passing argument 3 of 'print_ip_settings' from incompatible pointer type [-Wincompatible-pointer-types]
     print_ip_settings(&ip4addr, &netmask, &gw);
                                           ^
../src/main.c:47:1: note: expected 'struct ip_addr *' but argument is of type 'ip4_addr_t * {aka struct ip4_addr *}'
 print_ip_settings(struct ip_addr *ip, struct ip_addr *mask, struct ip_addr *gw)
 ^~~~~~~~~~~~~~~~~
../src/main.c:77:2: warning: implicit declaration of function 'lwip_init'; did you mean 'ip_init'? [-Wimplicit-function-declaration]
  lwip_init();
  ^~~~~~~~~
  ip_init
../src/main.c:121:5: warning: implicit declaration of function 'bram_write'; did you mean 'tcp_write'? [-Wimplicit-function-declaration]
     bram_write(image_base_ptr, bram_addr_ptr, 4020); // all channels
     ^~~~~~~~~~
     tcp_write
../src/main.c:107:21: warning: variable 'blue' set but not used [-Wunused-but-set-variable]
     u32 red, green, blue;
                     ^~~~
../src/main.c:107:14: warning: variable 'green' set but not used [-Wunused-but-set-variable]
     u32 red, green, blue;
              ^~~~~
../src/main.c:107:9: warning: variable 'red' set but not used [-Wunused-but-set-variable]
     u32 red, green, blue;
         ^~~
'Finished building: ../src/main.c'
' '
'Building file: ../src/platform_zynq.c'
'Invoking: ARM v7 gcc compiler'
arm-none-eabi-gcc -Wall -O0 -g3 -c -fmessage-length=0 -MT"src/platform_zynq.o" -mcpu=cortex-a9 -mfpu=vfpv3 -mfloat-abi=hard -I../../standalone_bsp/ps7_cortexa9_0/include -MMD -MP -MF"src/platform_zynq.d" -MT"src/platform_zynq.o" -o "src/platform_zynq.o" "../src/platform_zynq.c"
'Finished building: ../src/platform_zynq.c'
' '
'Building file: ../src/webserver.c'
'Invoking: ARM v7 gcc compiler'
arm-none-eabi-gcc -Wall -O0 -g3 -c -fmessage-length=0 -MT"src/webserver.o" -mcpu=cortex-a9 -mfpu=vfpv3 -mfloat-abi=hard -I../../standalone_bsp/ps7_cortexa9_0/include -MMD -MP -MF"src/webserver.d" -MT"src/webserver.o" -o "src/webserver.o" "../src/webserver.c"
../src/webserver.c: In function 'bram_write':
../src/webserver.c:69:15: error: 'XPAR_RUYACIK_BRAM_0_BASEADDR' undeclared (first use in this function); did you mean 'XPAR_XSCUTIMER_0_BASEADDR'?
   Xil_Out32( (XPAR_RUYACIK_BRAM_0_BASEADDR + 0x04), ruyacikCfgVal);
               ^~~~~~~~~~~~~~~~~~~~~~~~~~~~
               XPAR_XSCUTIMER_0_BASEADDR
../src/webserver.c:69:15: note: each undeclared identifier is reported only once for each function it appears in
../src/webserver.c: In function 'bram_read':
../src/webserver.c:90:15: error: 'XPAR_RUYACIK_BRAM_0_BASEADDR' undeclared (first use in this function); did you mean 'XPAR_XSCUTIMER_0_BASEADDR'?
   Xil_Out32( (XPAR_RUYACIK_BRAM_0_BASEADDR + 0x04), ruyacikCfgVal);
               ^~~~~~~~~~~~~~~~~~~~~~~~~~~~
               XPAR_XSCUTIMER_0_BASEADDR
../src/webserver.c: In function 'y_gradient':
../src/webserver.c:151:44: warning: variable 'pbm' set but not used [-Wunused-but-set-variable]
     u32 ptl, ptm, ptr, pml, pmm, pmr, pbl, pbm, pbr;
                                            ^~~
../src/webserver.c:151:29: warning: variable 'pmm' set but not used [-Wunused-but-set-variable]
     u32 ptl, ptm, ptr, pml, pmm, pmr, pbl, pbm, pbr;
                             ^~~
../src/webserver.c:151:14: warning: variable 'ptm' set but not used [-Wunused-but-set-variable]
     u32 ptl, ptm, ptr, pml, pmm, pmr, pbl, pbm, pbr;
              ^~~
../src/webserver.c: In function 'x_gradient':
../src/webserver.c:223:34: warning: variable 'pmr' set but not used [-Wunused-but-set-variable]
     u32 ptl, ptm, ptr, pml, pmm, pmr, pbl, pbm, pbr;
                                  ^~~
../src/webserver.c:223:29: warning: variable 'pmm' set but not used [-Wunused-but-set-variable]
     u32 ptl, ptm, ptr, pml, pmm, pmr, pbl, pbm, pbr;
                             ^~~
../src/webserver.c:223:24: warning: variable 'pml' set but not used [-Wunused-but-set-variable]
     u32 ptl, ptm, ptr, pml, pmm, pmr, pbl, pbm, pbr;
                        ^~~
../src/webserver.c: In function 'http_404':
../src/webserver.c:334:36: warning: pointer targets in passing argument 1 of 'generate_http_header' differ in signedness [-Wpointer-sign]
  header_len = generate_http_header(buf, len, "html");
                                    ^~~
In file included from ../src/webserver.c:44:0:
../src/helpers.h:13:5: note: expected 'unsigned char *' but argument is of type 'char *'
 int generate_http_header(unsigned char *buf, int fsize, unsigned char* type);
     ^~~~~~~~~~~~~~~~~~~~
../src/webserver.c:334:46: warning: pointer targets in passing argument 3 of 'generate_http_header' differ in signedness [-Wpointer-sign]
  header_len = generate_http_header(buf, len, "html");
                                              ^~~~~~
In file included from ../src/webserver.c:44:0:
../src/helpers.h:13:5: note: expected 'unsigned char *' but argument is of type 'char *'
 int generate_http_header(unsigned char *buf, int fsize, unsigned char* type);
     ^~~~~~~~~~~~~~~~~~~~
../src/webserver.c: In function 'gen_http_get_response':
../src/webserver.c:442:57: warning: pointer targets in passing argument 3 of 'generate_http_header' differ in signedness [-Wpointer-sign]
  header_len = generate_http_header(char_buf, file_size, fileType);
                                                         ^~~~~~~~
In file included from ../src/webserver.c:44:0:
../src/helpers.h:13:5: note: expected 'unsigned char *' but argument is of type 'char *'
 int generate_http_header(unsigned char *buf, int fsize, unsigned char* type);
     ^~~~~~~~~~~~~~~~~~~~
../src/webserver.c:459:4: warning: 'return' with no value, in function returning non-void
    return;
    ^~~~~~
../src/webserver.c:365:5: note: declared here
 int gen_http_get_response(struct tcp_pcb *pcb, char *req, int rlen)
     ^~~~~~~~~~~~~~~~~~~~~
../src/webserver.c:462:33: warning: pointer targets in passing argument 2 of 'mfs_file_read' differ in signedness [-Wpointer-sign]
   num_bytes = mfs_file_read(fd, char_buf, BUFSIZE);
                                 ^~~~~~~~
In file included from ../../standalone_bsp/ps7_cortexa9_0/include/mfs_config.h:42:0,
                 from ../src/webserver.h:23,
                 from ../src/webserver.c:43:
../../standalone_bsp/ps7_cortexa9_0/include/xilmfs.h:284:5: note: expected 'char *' but argument is of type 'unsigned char *'
 int mfs_file_read(int fd, char *buf, int buflen) ;
     ^~~~~~~~~~~~~
../src/webserver.c:377:6: warning: unused variable 'select' [-Wunused-variable]
  int select = 0; // 0 for index, 1 for other files (css, html, js, ...)
      ^~~~~~
../src/webserver.c:376:6: warning: unused variable 'count' [-Wunused-variable]
  int count = 0;
      ^~~~~
../src/webserver.c: In function 'http_rx':
../src/webserver.c:563:3: warning: 'return' with no value, in function returning non-void
   return;
   ^~~~~~
../src/webserver.c:549:7: note: declared here
 err_t http_rx(void *arg, struct tcp_pcb *tpcb, struct pbuf *p, err_t err)
       ^~~~~~~
../src/webserver.c:567:3: warning: 'return' with no value, in function returning non-void
   return;
   ^~~~~~
../src/webserver.c:549:7: note: declared here
 err_t http_rx(void *arg, struct tcp_pcb *tpcb, struct pbuf *p, err_t err)
       ^~~~~~~
make: *** [src/webserver.o] Fehler 1
01:29:47 **** Auto Build of configuration Debug for project img_processing_app ****
make pre-build main-build 
a9-linaro-pre-build-step
' '
'Building file: ../src/webserver.c'
'Invoking: ARM v7 gcc compiler'
arm-none-eabi-gcc -Wall -O0 -g3 -c -fmessage-length=0 -MT"src/webserver.o" -mcpu=cortex-a9 -mfpu=vfpv3 -mfloat-abi=hard -I../../standalone_bsp/ps7_cortexa9_0/include -MMD -MP -MF"src/webserver.d" -MT"src/webserver.o" -o "src/webserver.o" "../src/webserver.c"
../src/webserver.c: In function 'bram_write':
../src/webserver.c:70:15: error: 'XPAR_RUYACIK_BRAM_0_BASEADDR' undeclared (first use in this function); did you mean 'XPAR_XSCUTIMER_0_BASEADDR'?
   Xil_Out32( (XPAR_RUYACIK_BRAM_0_BASEADDR + 0x04), ruyacikCfgVal);
               ^~~~~~~~~~~~~~~~~~~~~~~~~~~~
               XPAR_XSCUTIMER_0_BASEADDR
../src/webserver.c:70:15: note: each undeclared identifier is reported only once for each function it appears in
../src/webserver.c: In function 'bram_read':
../src/webserver.c:91:15: error: 'XPAR_RUYACIK_BRAM_0_BASEADDR' undeclared (first use in this function); did you mean 'XPAR_XSCUTIMER_0_BASEADDR'?
   Xil_Out32( (XPAR_RUYACIK_BRAM_0_BASEADDR + 0x04), ruyacikCfgVal);
               ^~~~~~~~~~~~~~~~~~~~~~~~~~~~
               XPAR_XSCUTIMER_0_BASEADDR
../src/webserver.c: In function 'y_gradient':
../src/webserver.c:152:44: warning: variable 'pbm' set but not used [-Wunused-but-set-variable]
     u32 ptl, ptm, ptr, pml, pmm, pmr, pbl, pbm, pbr;
                                            ^~~
../src/webserver.c:152:29: warning: variable 'pmm' set but not used [-Wunused-but-set-variable]
     u32 ptl, ptm, ptr, pml, pmm, pmr, pbl, pbm, pbr;
                             ^~~
../src/webserver.c:152:14: warning: variable 'ptm' set but not used [-Wunused-but-set-variable]
     u32 ptl, ptm, ptr, pml, pmm, pmr, pbl, pbm, pbr;
              ^~~
../src/webserver.c: In function 'x_gradient':
../src/webserver.c:224:34: warning: variable 'pmr' set but not used [-Wunused-but-set-variable]
     u32 ptl, ptm, ptr, pml, pmm, pmr, pbl, pbm, pbr;
                                  ^~~
../src/webserver.c:224:29: warning: variable 'pmm' set but not used [-Wunused-but-set-variable]
     u32 ptl, ptm, ptr, pml, pmm, pmr, pbl, pbm, pbr;
                             ^~~
../src/webserver.c:224:24: warning: variable 'pml' set but not used [-Wunused-but-set-variable]
     u32 ptl, ptm, ptr, pml, pmm, pmr, pbl, pbm, pbr;
                        ^~~
../src/webserver.c: In function 'http_404':
../src/webserver.c:335:36: warning: pointer targets in passing argument 1 of 'generate_http_header' differ in signedness [-Wpointer-sign]
  header_len = generate_http_header(buf, len, "html");
                                    ^~~
In file included from ../src/webserver.c:44:0:
../src/helpers.h:13:5: note: expected 'unsigned char *' but argument is of type 'char *'
 int generate_http_header(unsigned char *buf, int fsize, unsigned char* type);
     ^~~~~~~~~~~~~~~~~~~~
../src/webserver.c:335:46: warning: pointer targets in passing argument 3 of 'generate_http_header' differ in signedness [-Wpointer-sign]
  header_len = generate_http_header(buf, len, "html");
                                              ^~~~~~
In file included from ../src/webserver.c:44:0:
../src/helpers.h:13:5: note: expected 'unsigned char *' but argument is of type 'char *'
 int generate_http_header(unsigned char *buf, int fsize, unsigned char* type);
     ^~~~~~~~~~~~~~~~~~~~
../src/webserver.c: In function 'gen_http_get_response':
../src/webserver.c:443:57: warning: pointer targets in passing argument 3 of 'generate_http_header' differ in signedness [-Wpointer-sign]
  header_len = generate_http_header(char_buf, file_size, fileType);
                                                         ^~~~~~~~
In file included from ../src/webserver.c:44:0:
../src/helpers.h:13:5: note: expected 'unsigned char *' but argument is of type 'char *'
 int generate_http_header(unsigned char *buf, int fsize, unsigned char* type);
     ^~~~~~~~~~~~~~~~~~~~
../src/webserver.c:460:4: warning: 'return' with no value, in function returning non-void
    return;
    ^~~~~~
../src/webserver.c:366:5: note: declared here
 int gen_http_get_response(struct tcp_pcb *pcb, char *req, int rlen)
     ^~~~~~~~~~~~~~~~~~~~~
../src/webserver.c:463:33: warning: pointer targets in passing argument 2 of 'mfs_file_read' differ in signedness [-Wpointer-sign]
   num_bytes = mfs_file_read(fd, char_buf, BUFSIZE);
                                 ^~~~~~~~
In file included from ../../standalone_bsp/ps7_cortexa9_0/include/mfs_config.h:42:0,
                 from ../src/webserver.h:23,
                 from ../src/webserver.c:43:
../../standalone_bsp/ps7_cortexa9_0/include/xilmfs.h:284:5: note: expected 'char *' but argument is of type 'unsigned char *'
 int mfs_file_read(int fd, char *buf, int buflen) ;
     ^~~~~~~~~~~~~
../src/webserver.c:378:6: warning: unused variable 'select' [-Wunused-variable]
  int select = 0; // 0 for index, 1 for other files (css, html, js, ...)
      ^~~~~~
../src/webserver.c:377:6: warning: unused variable 'count' [-Wunused-variable]
  int count = 0;
      ^~~~~
../src/webserver.c: In function 'http_rx':
../src/webserver.c:564:3: warning: 'return' with no value, in function returning non-void
   return;
   ^~~~~~
../src/webserver.c:550:7: note: declared here
 err_t http_rx(void *arg, struct tcp_pcb *tpcb, struct pbuf *p, err_t err)
       ^~~~~~~
../src/webserver.c:568:3: warning: 'return' with no value, in function returning non-void
   return;
   ^~~~~~
../src/webserver.c:550:7: note: declared here
 err_t http_rx(void *arg, struct tcp_pcb *tpcb, struct pbuf *p, err_t err)
       ^~~~~~~
make: *** [src/webserver.o] Fehler 1
01:30:43 **** Auto Build of configuration Debug for project img_processing_app ****
make pre-build main-build 
a9-linaro-pre-build-step
' '
'Building file: ../src/webserver.c'
'Invoking: ARM v7 gcc compiler'
arm-none-eabi-gcc -Wall -O0 -g3 -c -fmessage-length=0 -MT"src/webserver.o" -mcpu=cortex-a9 -mfpu=vfpv3 -mfloat-abi=hard -I../../standalone_bsp/ps7_cortexa9_0/include -MMD -MP -MF"src/webserver.d" -MT"src/webserver.o" -o "src/webserver.o" "../src/webserver.c"
../src/webserver.c: In function 'y_gradient':
../src/webserver.c:152:44: warning: variable 'pbm' set but not used [-Wunused-but-set-variable]
     u32 ptl, ptm, ptr, pml, pmm, pmr, pbl, pbm, pbr;
                                            ^~~
../src/webserver.c:152:29: warning: variable 'pmm' set but not used [-Wunused-but-set-variable]
     u32 ptl, ptm, ptr, pml, pmm, pmr, pbl, pbm, pbr;
                             ^~~
../src/webserver.c:152:14: warning: variable 'ptm' set but not used [-Wunused-but-set-variable]
     u32 ptl, ptm, ptr, pml, pmm, pmr, pbl, pbm, pbr;
              ^~~
../src/webserver.c: In function 'x_gradient':
../src/webserver.c:224:34: warning: variable 'pmr' set but not used [-Wunused-but-set-variable]
     u32 ptl, ptm, ptr, pml, pmm, pmr, pbl, pbm, pbr;
                                  ^~~
../src/webserver.c:224:29: warning: variable 'pmm' set but not used [-Wunused-but-set-variable]
     u32 ptl, ptm, ptr, pml, pmm, pmr, pbl, pbm, pbr;
                             ^~~
../src/webserver.c:224:24: warning: variable 'pml' set but not used [-Wunused-but-set-variable]
     u32 ptl, ptm, ptr, pml, pmm, pmr, pbl, pbm, pbr;
                        ^~~
../src/webserver.c: In function 'http_404':
../src/webserver.c:335:36: warning: pointer targets in passing argument 1 of 'generate_http_header' differ in signedness [-Wpointer-sign]
  header_len = generate_http_header(buf, len, "html");
                                    ^~~
In file included from ../src/webserver.c:44:0:
../src/helpers.h:13:5: note: expected 'unsigned char *' but argument is of type 'char *'
 int generate_http_header(unsigned char *buf, int fsize, unsigned char* type);
     ^~~~~~~~~~~~~~~~~~~~
../src/webserver.c:335:46: warning: pointer targets in passing argument 3 of 'generate_http_header' differ in signedness [-Wpointer-sign]
  header_len = generate_http_header(buf, len, "html");
                                              ^~~~~~
In file included from ../src/webserver.c:44:0:
../src/helpers.h:13:5: note: expected 'unsigned char *' but argument is of type 'char *'
 int generate_http_header(unsigned char *buf, int fsize, unsigned char* type);
     ^~~~~~~~~~~~~~~~~~~~
../src/webserver.c: In function 'gen_http_get_response':
../src/webserver.c:443:57: warning: pointer targets in passing argument 3 of 'generate_http_header' differ in signedness [-Wpointer-sign]
  header_len = generate_http_header(char_buf, file_size, fileType);
                                                         ^~~~~~~~
In file included from ../src/webserver.c:44:0:
../src/helpers.h:13:5: note: expected 'unsigned char *' but argument is of type 'char *'
 int generate_http_header(unsigned char *buf, int fsize, unsigned char* type);
     ^~~~~~~~~~~~~~~~~~~~
../src/webserver.c:460:4: warning: 'return' with no value, in function returning non-void
    return;
    ^~~~~~
../src/webserver.c:366:5: note: declared here
 int gen_http_get_response(struct tcp_pcb *pcb, char *req, int rlen)
     ^~~~~~~~~~~~~~~~~~~~~
../src/webserver.c:463:33: warning: pointer targets in passing argument 2 of 'mfs_file_read' differ in signedness [-Wpointer-sign]
   num_bytes = mfs_file_read(fd, char_buf, BUFSIZE);
                                 ^~~~~~~~
In file included from ../../standalone_bsp/ps7_cortexa9_0/include/mfs_config.h:42:0,
                 from ../src/webserver.h:23,
                 from ../src/webserver.c:43:
../../standalone_bsp/ps7_cortexa9_0/include/xilmfs.h:284:5: note: expected 'char *' but argument is of type 'unsigned char *'
 int mfs_file_read(int fd, char *buf, int buflen) ;
     ^~~~~~~~~~~~~
../src/webserver.c:378:6: warning: unused variable 'select' [-Wunused-variable]
  int select = 0; // 0 for index, 1 for other files (css, html, js, ...)
      ^~~~~~
../src/webserver.c:377:6: warning: unused variable 'count' [-Wunused-variable]
  int count = 0;
      ^~~~~
../src/webserver.c: In function 'http_rx':
../src/webserver.c:564:3: warning: 'return' with no value, in function returning non-void
   return;
   ^~~~~~
../src/webserver.c:550:7: note: declared here
 err_t http_rx(void *arg, struct tcp_pcb *tpcb, struct pbuf *p, err_t err)
       ^~~~~~~
../src/webserver.c:568:3: warning: 'return' with no value, in function returning non-void
   return;
   ^~~~~~
../src/webserver.c:550:7: note: declared here
 err_t http_rx(void *arg, struct tcp_pcb *tpcb, struct pbuf *p, err_t err)
       ^~~~~~~
'Finished building: ../src/webserver.c'
' '
'Building target: img_processing_app.elf'
'Invoking: ARM v7 gcc linker'
arm-none-eabi-gcc -mcpu=cortex-a9 -mfpu=vfpv3 -mfloat-abi=hard -Wl,-build-id=none -specs=Xilinx.spec -Wl,-T -Wl,../src/lscript.ld -L../../standalone_bsp/ps7_cortexa9_0/lib -o "img_processing_app.elf"  ./src/echo.o ./src/helpers.o ./src/main.o ./src/platform_zynq.o ./src/webserver.o   -Wl,--start-group,-lxil,-lgcc,-lc,--end-group -Wl,--start-group,-lxil,-llwip4,-lgcc,-lc,--end-group
'Finished building target: img_processing_app.elf'
' '
'Invoking: ARM v7 Print Size'
arm-none-eabi-size img_processing_app.elf  |tee "img_processing_app.elf.size"
   text	   data	    bss	    dec	    hex	filename
 167368	   4232	2152752	2324352	 237780	img_processing_app.elf
'Finished building: img_processing_app.elf.size'
' '
01:31:09 **** Incremental Build of configuration Debug for project img_processing_app ****
make pre-build main-build 
a9-linaro-pre-build-step
' '
make: Für das Ziel »main-build« ist nichts zu tun.
01:31:10 **** Auto Build of configuration Debug for project img_processing_app ****
make pre-build main-build 
a9-linaro-pre-build-step
' '
make: Für das Ziel »main-build« ist nichts zu tun.
01:31:40 **** Incremental Build of configuration Debug for project img_processing_app ****
make pre-build main-build 
a9-linaro-pre-build-step
' '
make: Für das Ziel »main-build« ist nichts zu tun.
08:47:47 **** Clean-only build of project standalone_bsp ****
make -k clean 
make -C ps7_cortexa9_0/libsrc/coresightps_dcc_v1_4/src -s clean 
make -C ps7_cortexa9_0/libsrc/cpu_cortexa9_v2_6/src -s clean 
make -C ps7_cortexa9_0/libsrc/ddrps_v1_0/src -s clean 
make -C ps7_cortexa9_0/libsrc/devcfg_v3_5/src -s clean 
make -C ps7_cortexa9_0/libsrc/dmaps_v2_3/src -s clean 
make -C ps7_cortexa9_0/libsrc/emacps_v3_7/src -s clean 
make -C ps7_cortexa9_0/libsrc/gpiops_v3_3/src -s clean 
make -C ps7_cortexa9_0/libsrc/lwip202_v1_1/src -s clean 
rm: Aufruf von lstat für „./*.o“ nicht möglich: Invalid argument
make[1]: *** [clean] Fehler 1
make: *** [ps7_cortexa9_0/libsrc/lwip202_v1_1/src/make.clean] Fehler 2
make -C ps7_cortexa9_0/libsrc/qspips_v3_4/src -s clean 
make -C ps7_cortexa9_0/libsrc/scugic_v3_9/src -s clean 
make -C ps7_cortexa9_0/libsrc/scutimer_v2_1/src -s clean 
make -C ps7_cortexa9_0/libsrc/scuwdt_v2_1/src -s clean 
make -C ps7_cortexa9_0/libsrc/sdps_v3_5/src -s clean 
make -C ps7_cortexa9_0/libsrc/standalone_v6_7/src -s clean 
make -C ps7_cortexa9_0/libsrc/ttcps_v3_6/src -s clean 
make -C ps7_cortexa9_0/libsrc/uartps_v3_6/src -s clean 
make -C ps7_cortexa9_0/libsrc/usbps_v2_4/src -s clean 
make -C ps7_cortexa9_0/libsrc/xadcps_v2_2/src -s clean 
make -C ps7_cortexa9_0/libsrc/xilmfs_v2_3/src -s clean 
make: Das Target »clean« wurde wegen Fehlern nicht aktualisiert.
08:47:49 **** Clean-only build of configuration Debug for project img_processing_app ****
make clean 
rm -rf  ./src/echo.o ./src/helpers.o ./src/main.o ./src/platform_zynq.o ./src/webserver.o  ./src/echo.d ./src/helpers.d ./src/main.d ./src/platform_zynq.d ./src/webserver.d  img_processing_app.elf.size  img_processing_app.elf
' '
08:47:49 **** Build of project standalone_bsp ****
make -k all 
"Running Make include in ps7_cortexa9_0/libsrc/coresightps_dcc_v1_4/src"
make -C ps7_cortexa9_0/libsrc/coresightps_dcc_v1_4/src -s include  "SHELL=CMD" "COMPILER=arm-none-eabi-gcc" "ARCHIVER=arm-none-eabi-ar" "COMPILER_FLAGS=  -O2 -c" "EXTRA_COMPILER_FLAGS=-mcpu=cortex-a9 -mfpu=vfpv3 -mfloat-abi=hard -nostartfiles -g -Wall -Wextra"
"Running Make include in ps7_cortexa9_0/libsrc/cpu_cortexa9_v2_6/src"
make -C ps7_cortexa9_0/libsrc/cpu_cortexa9_v2_6/src -s include  "SHELL=CMD" "COMPILER=arm-none-eabi-gcc" "ARCHIVER=arm-none-eabi-ar" "COMPILER_FLAGS=  -O2 -c" "EXTRA_COMPILER_FLAGS=-mcpu=cortex-a9 -mfpu=vfpv3 -mfloat-abi=hard -nostartfiles -g -Wall -Wextra"
"Running Make include in ps7_cortexa9_0/libsrc/ddrps_v1_0/src"
make -C ps7_cortexa9_0/libsrc/ddrps_v1_0/src -s include  "SHELL=CMD" "COMPILER=arm-none-eabi-gcc" "ARCHIVER=arm-none-eabi-ar" "COMPILER_FLAGS=  -O2 -c" "EXTRA_COMPILER_FLAGS=-mcpu=cortex-a9 -mfpu=vfpv3 -mfloat-abi=hard -nostartfiles -g -Wall -Wextra"
"Running Make include in ps7_cortexa9_0/libsrc/devcfg_v3_5/src"
make -C ps7_cortexa9_0/libsrc/devcfg_v3_5/src -s include  "SHELL=CMD" "COMPILER=arm-none-eabi-gcc" "ARCHIVER=arm-none-eabi-ar" "COMPILER_FLAGS=  -O2 -c" "EXTRA_COMPILER_FLAGS=-mcpu=cortex-a9 -mfpu=vfpv3 -mfloat-abi=hard -nostartfiles -g -Wall -Wextra"
"Running Make include in ps7_cortexa9_0/libsrc/dmaps_v2_3/src"
make -C ps7_cortexa9_0/libsrc/dmaps_v2_3/src -s include  "SHELL=CMD" "COMPILER=arm-none-eabi-gcc" "ARCHIVER=arm-none-eabi-ar" "COMPILER_FLAGS=  -O2 -c" "EXTRA_COMPILER_FLAGS=-mcpu=cortex-a9 -mfpu=vfpv3 -mfloat-abi=hard -nostartfiles -g -Wall -Wextra"
"Running Make include in ps7_cortexa9_0/libsrc/emacps_v3_7/src"
make -C ps7_cortexa9_0/libsrc/emacps_v3_7/src -s include  "SHELL=CMD" "COMPILER=arm-none-eabi-gcc" "ARCHIVER=arm-none-eabi-ar" "COMPILER_FLAGS=  -O2 -c" "EXTRA_COMPILER_FLAGS=-mcpu=cortex-a9 -mfpu=vfpv3 -mfloat-abi=hard -nostartfiles -g -Wall -Wextra"
"Running Make include in ps7_cortexa9_0/libsrc/gpiops_v3_3/src"
make -C ps7_cortexa9_0/libsrc/gpiops_v3_3/src -s include  "SHELL=CMD" "COMPILER=arm-none-eabi-gcc" "ARCHIVER=arm-none-eabi-ar" "COMPILER_FLAGS=  -O2 -c" "EXTRA_COMPILER_FLAGS=-mcpu=cortex-a9 -mfpu=vfpv3 -mfloat-abi=hard -nostartfiles -g -Wall -Wextra"
"Running Make include in ps7_cortexa9_0/libsrc/lwip202_v1_1/src"
make -C ps7_cortexa9_0/libsrc/lwip202_v1_1/src -s include  "SHELL=CMD" "COMPILER=arm-none-eabi-gcc" "ARCHIVER=arm-none-eabi-ar" "COMPILER_FLAGS=  -O2 -c" "EXTRA_COMPILER_FLAGS=-mcpu=cortex-a9 -mfpu=vfpv3 -mfloat-abi=hard -nostartfiles -g -Wall -Wextra"
"Running Make include in ps7_cortexa9_0/libsrc/qspips_v3_4/src"
make -C ps7_cortexa9_0/libsrc/qspips_v3_4/src -s include  "SHELL=CMD" "COMPILER=arm-none-eabi-gcc" "ARCHIVER=arm-none-eabi-ar" "COMPILER_FLAGS=  -O2 -c" "EXTRA_COMPILER_FLAGS=-mcpu=cortex-a9 -mfpu=vfpv3 -mfloat-abi=hard -nostartfiles -g -Wall -Wextra"
"Running Make include in ps7_cortexa9_0/libsrc/scugic_v3_9/src"
make -C ps7_cortexa9_0/libsrc/scugic_v3_9/src -s include  "SHELL=CMD" "COMPILER=arm-none-eabi-gcc" "ARCHIVER=arm-none-eabi-ar" "COMPILER_FLAGS=  -O2 -c" "EXTRA_COMPILER_FLAGS=-mcpu=cortex-a9 -mfpu=vfpv3 -mfloat-abi=hard -nostartfiles -g -Wall -Wextra"
"Running Make include in ps7_cortexa9_0/libsrc/scutimer_v2_1/src"
make -C ps7_cortexa9_0/libsrc/scutimer_v2_1/src -s include  "SHELL=CMD" "COMPILER=arm-none-eabi-gcc" "ARCHIVER=arm-none-eabi-ar" "COMPILER_FLAGS=  -O2 -c" "EXTRA_COMPILER_FLAGS=-mcpu=cortex-a9 -mfpu=vfpv3 -mfloat-abi=hard -nostartfiles -g -Wall -Wextra"
"Running Make include in ps7_cortexa9_0/libsrc/scuwdt_v2_1/src"
make -C ps7_cortexa9_0/libsrc/scuwdt_v2_1/src -s include  "SHELL=CMD" "COMPILER=arm-none-eabi-gcc" "ARCHIVER=arm-none-eabi-ar" "COMPILER_FLAGS=  -O2 -c" "EXTRA_COMPILER_FLAGS=-mcpu=cortex-a9 -mfpu=vfpv3 -mfloat-abi=hard -nostartfiles -g -Wall -Wextra"
"Running Make include in ps7_cortexa9_0/libsrc/sdps_v3_5/src"
make -C ps7_cortexa9_0/libsrc/sdps_v3_5/src -s include  "SHELL=CMD" "COMPILER=arm-none-eabi-gcc" "ARCHIVER=arm-none-eabi-ar" "COMPILER_FLAGS=  -O2 -c" "EXTRA_COMPILER_FLAGS=-mcpu=cortex-a9 -mfpu=vfpv3 -mfloat-abi=hard -nostartfiles -g -Wall -Wextra"
"Running Make include in ps7_cortexa9_0/libsrc/standalone_v6_7/src"
make -C ps7_cortexa9_0/libsrc/standalone_v6_7/src -s include  "SHELL=CMD" "COMPILER=arm-none-eabi-gcc" "ARCHIVER=arm-none-eabi-ar" "COMPILER_FLAGS=  -O2 -c" "EXTRA_COMPILER_FLAGS=-mcpu=cortex-a9 -mfpu=vfpv3 -mfloat-abi=hard -nostartfiles -g -Wall -Wextra"
"Running Make include in ps7_cortexa9_0/libsrc/ttcps_v3_6/src"
make -C ps7_cortexa9_0/libsrc/ttcps_v3_6/src -s include  "SHELL=CMD" "COMPILER=arm-none-eabi-gcc" "ARCHIVER=arm-none-eabi-ar" "COMPILER_FLAGS=  -O2 -c" "EXTRA_COMPILER_FLAGS=-mcpu=cortex-a9 -mfpu=vfpv3 -mfloat-abi=hard -nostartfiles -g -Wall -Wextra"
"Running Make include in ps7_cortexa9_0/libsrc/uartps_v3_6/src"
make -C ps7_cortexa9_0/libsrc/uartps_v3_6/src -s include  "SHELL=CMD" "COMPILER=arm-none-eabi-gcc" "ARCHIVER=arm-none-eabi-ar" "COMPILER_FLAGS=  -O2 -c" "EXTRA_COMPILER_FLAGS=-mcpu=cortex-a9 -mfpu=vfpv3 -mfloat-abi=hard -nostartfiles -g -Wall -Wextra"
"Running Make include in ps7_cortexa9_0/libsrc/usbps_v2_4/src"
make -C ps7_cortexa9_0/libsrc/usbps_v2_4/src -s include  "SHELL=CMD" "COMPILER=arm-none-eabi-gcc" "ARCHIVER=arm-none-eabi-ar" "COMPILER_FLAGS=  -O2 -c" "EXTRA_COMPILER_FLAGS=-mcpu=cortex-a9 -mfpu=vfpv3 -mfloat-abi=hard -nostartfiles -g -Wall -Wextra"
"Running Make include in ps7_cortexa9_0/libsrc/xadcps_v2_2/src"
make -C ps7_cortexa9_0/libsrc/xadcps_v2_2/src -s include  "SHELL=CMD" "COMPILER=arm-none-eabi-gcc" "ARCHIVER=arm-none-eabi-ar" "COMPILER_FLAGS=  -O2 -c" "EXTRA_COMPILER_FLAGS=-mcpu=cortex-a9 -mfpu=vfpv3 -mfloat-abi=hard -nostartfiles -g -Wall -Wextra"
"Running Make include in ps7_cortexa9_0/libsrc/xilmfs_v2_3/src"
make -C ps7_cortexa9_0/libsrc/xilmfs_v2_3/src -s include  "SHELL=CMD" "COMPILER=arm-none-eabi-gcc" "ARCHIVER=arm-none-eabi-ar" "COMPILER_FLAGS=  -O2 -c" "EXTRA_COMPILER_FLAGS=-mcpu=cortex-a9 -mfpu=vfpv3 -mfloat-abi=hard -nostartfiles -g -Wall -Wextra"
"Running Make libs in ps7_cortexa9_0/libsrc/coresightps_dcc_v1_4/src"
make -C ps7_cortexa9_0/libsrc/coresightps_dcc_v1_4/src -s libs  "SHELL=CMD" "COMPILER=arm-none-eabi-gcc" "ARCHIVER=arm-none-eabi-ar" "COMPILER_FLAGS=  -O2 -c" "EXTRA_COMPILER_FLAGS=-mcpu=cortex-a9 -mfpu=vfpv3 -mfloat-abi=hard -nostartfiles -g -Wall -Wextra"
"Compiling coresightps_dcc"
arm-none-eabi-ar: creating ../../../lib/libxil.a
"Running Make libs in ps7_cortexa9_0/libsrc/cpu_cortexa9_v2_6/src"
make -C ps7_cortexa9_0/libsrc/cpu_cortexa9_v2_6/src -s libs  "SHELL=CMD" "COMPILER=arm-none-eabi-gcc" "ARCHIVER=arm-none-eabi-ar" "COMPILER_FLAGS=  -O2 -c" "EXTRA_COMPILER_FLAGS=-mcpu=cortex-a9 -mfpu=vfpv3 -mfloat-abi=hard -nostartfiles -g -Wall -Wextra"
"Compiling cpu_cortexa9"
"Running Make libs in ps7_cortexa9_0/libsrc/ddrps_v1_0/src"
make -C ps7_cortexa9_0/libsrc/ddrps_v1_0/src -s libs  "SHELL=CMD" "COMPILER=arm-none-eabi-gcc" "ARCHIVER=arm-none-eabi-ar" "COMPILER_FLAGS=  -O2 -c" "EXTRA_COMPILER_FLAGS=-mcpu=cortex-a9 -mfpu=vfpv3 -mfloat-abi=hard -nostartfiles -g -Wall -Wextra"
"Compiling ddrps"
"Running Make libs in ps7_cortexa9_0/libsrc/devcfg_v3_5/src"
make -C ps7_cortexa9_0/libsrc/devcfg_v3_5/src -s libs  "SHELL=CMD" "COMPILER=arm-none-eabi-gcc" "ARCHIVER=arm-none-eabi-ar" "COMPILER_FLAGS=  -O2 -c" "EXTRA_COMPILER_FLAGS=-mcpu=cortex-a9 -mfpu=vfpv3 -mfloat-abi=hard -nostartfiles -g -Wall -Wextra"
"Compiling devcfg"
"Running Make libs in ps7_cortexa9_0/libsrc/dmaps_v2_3/src"
make -C ps7_cortexa9_0/libsrc/dmaps_v2_3/src -s libs  "SHELL=CMD" "COMPILER=arm-none-eabi-gcc" "ARCHIVER=arm-none-eabi-ar" "COMPILER_FLAGS=  -O2 -c" "EXTRA_COMPILER_FLAGS=-mcpu=cortex-a9 -mfpu=vfpv3 -mfloat-abi=hard -nostartfiles -g -Wall -Wextra"
"Compiling dmaps"
"Running Make libs in ps7_cortexa9_0/libsrc/emacps_v3_7/src"
make -C ps7_cortexa9_0/libsrc/emacps_v3_7/src -s libs  "SHELL=CMD" "COMPILER=arm-none-eabi-gcc" "ARCHIVER=arm-none-eabi-ar" "COMPILER_FLAGS=  -O2 -c" "EXTRA_COMPILER_FLAGS=-mcpu=cortex-a9 -mfpu=vfpv3 -mfloat-abi=hard -nostartfiles -g -Wall -Wextra"
"Compiling emacps"
"Running Make libs in ps7_cortexa9_0/libsrc/gpiops_v3_3/src"
make -C ps7_cortexa9_0/libsrc/gpiops_v3_3/src -s libs  "SHELL=CMD" "COMPILER=arm-none-eabi-gcc" "ARCHIVER=arm-none-eabi-ar" "COMPILER_FLAGS=  -O2 -c" "EXTRA_COMPILER_FLAGS=-mcpu=cortex-a9 -mfpu=vfpv3 -mfloat-abi=hard -nostartfiles -g -Wall -Wextra"
"Compiling gpiops"
"Running Make libs in ps7_cortexa9_0/libsrc/lwip202_v1_1/src"
make -C ps7_cortexa9_0/libsrc/lwip202_v1_1/src -s libs  "SHELL=CMD" "COMPILER=arm-none-eabi-gcc" "ARCHIVER=arm-none-eabi-ar" "COMPILER_FLAGS=  -O2 -c" "EXTRA_COMPILER_FLAGS=-mcpu=cortex-a9 -mfpu=vfpv3 -mfloat-abi=hard -nostartfiles -g -Wall -Wextra"
"Compiling lwip src and adapter files"
contrib/ports/xilinx/netif/xemacpsif.c: In function 'xemacpsif_init':
contrib/ports/xilinx/netif/xemacpsif.c:728:16: warning: assignment from incompatible pointer type [-Wincompatible-pointer-types]
  netif->output = xemacpsif_output;
                ^
In file included from ../../../include/xemacps.h:350:0,
                 from ../../../include/netif/xemacpsif.h:59,
                 from contrib/ports/xilinx/netif/xemacpsif_dma.c:39:
contrib/ports/xilinx/netif/xemacpsif_dma.c: In function 'init_dma':
../../../include/xemacps_hw.h:603:23: warning: 'bdrxterminate' may be used uninitialized in this function [-Wmaybe-uninitialized]
 #define XEmacPs_Out32 Xil_Out32
                       ^~~~~~~~~
contrib/ports/xilinx/netif/xemacpsif_dma.c:558:14: note: 'bdrxterminate' was declared here
  XEmacPs_Bd *bdrxterminate;
              ^~~~~~~~~~~~~
In file included from ../../../include/xemacps.h:351:0,
                 from ../../../include/netif/xemacpsif.h:59,
                 from contrib/ports/xilinx/netif/xemacpsif_dma.c:39:
../../../include/xemacps_bd.h:144:12: warning: 'bdtxterminate' may be used uninitialized in this function [-Wmaybe-uninitialized]
  (*(u32 *)((UINTPTR)((void*)(BaseAddress)) + (u32)(Offset)))
            ^
contrib/ports/xilinx/netif/xemacpsif_dma.c:557:14: note: 'bdtxterminate' was declared here
  XEmacPs_Bd *bdtxterminate;
              ^~~~~~~~~~~~~
"Running Make libs in ps7_cortexa9_0/libsrc/qspips_v3_4/src"
make -C ps7_cortexa9_0/libsrc/qspips_v3_4/src -s libs  "SHELL=CMD" "COMPILER=arm-none-eabi-gcc" "ARCHIVER=arm-none-eabi-ar" "COMPILER_FLAGS=  -O2 -c" "EXTRA_COMPILER_FLAGS=-mcpu=cortex-a9 -mfpu=vfpv3 -mfloat-abi=hard -nostartfiles -g -Wall -Wextra"
"Compiling qspips"
"Running Make libs in ps7_cortexa9_0/libsrc/scugic_v3_9/src"
make -C ps7_cortexa9_0/libsrc/scugic_v3_9/src -s libs  "SHELL=CMD" "COMPILER=arm-none-eabi-gcc" "ARCHIVER=arm-none-eabi-ar" "COMPILER_FLAGS=  -O2 -c" "EXTRA_COMPILER_FLAGS=-mcpu=cortex-a9 -mfpu=vfpv3 -mfloat-abi=hard -nostartfiles -g -Wall -Wextra"
"Compiling scugic"
"Running Make libs in ps7_cortexa9_0/libsrc/scutimer_v2_1/src"
make -C ps7_cortexa9_0/libsrc/scutimer_v2_1/src -s libs  "SHELL=CMD" "COMPILER=arm-none-eabi-gcc" "ARCHIVER=arm-none-eabi-ar" "COMPILER_FLAGS=  -O2 -c" "EXTRA_COMPILER_FLAGS=-mcpu=cortex-a9 -mfpu=vfpv3 -mfloat-abi=hard -nostartfiles -g -Wall -Wextra"
"Compiling scutimer"
"Running Make libs in ps7_cortexa9_0/libsrc/scuwdt_v2_1/src"
make -C ps7_cortexa9_0/libsrc/scuwdt_v2_1/src -s libs  "SHELL=CMD" "COMPILER=arm-none-eabi-gcc" "ARCHIVER=arm-none-eabi-ar" "COMPILER_FLAGS=  -O2 -c" "EXTRA_COMPILER_FLAGS=-mcpu=cortex-a9 -mfpu=vfpv3 -mfloat-abi=hard -nostartfiles -g -Wall -Wextra"
"Compiling scuwdt"
"Running Make libs in ps7_cortexa9_0/libsrc/sdps_v3_5/src"
make -C ps7_cortexa9_0/libsrc/sdps_v3_5/src -s libs  "SHELL=CMD" "COMPILER=arm-none-eabi-gcc" "ARCHIVER=arm-none-eabi-ar" "COMPILER_FLAGS=  -O2 -c" "EXTRA_COMPILER_FLAGS=-mcpu=cortex-a9 -mfpu=vfpv3 -mfloat-abi=hard -nostartfiles -g -Wall -Wextra"
"Compiling sdps"
"Running Make libs in ps7_cortexa9_0/libsrc/standalone_v6_7/src"
make -C ps7_cortexa9_0/libsrc/standalone_v6_7/src -s libs  "SHELL=CMD" "COMPILER=arm-none-eabi-gcc" "ARCHIVER=arm-none-eabi-ar" "COMPILER_FLAGS=  -O2 -c" "EXTRA_COMPILER_FLAGS=-mcpu=cortex-a9 -mfpu=vfpv3 -mfloat-abi=hard -nostartfiles -g -Wall -Wextra"
"Compiling standalone"
"Running Make libs in ps7_cortexa9_0/libsrc/ttcps_v3_6/src"
make -C ps7_cortexa9_0/libsrc/ttcps_v3_6/src -s libs  "SHELL=CMD" "COMPILER=arm-none-eabi-gcc" "ARCHIVER=arm-none-eabi-ar" "COMPILER_FLAGS=  -O2 -c" "EXTRA_COMPILER_FLAGS=-mcpu=cortex-a9 -mfpu=vfpv3 -mfloat-abi=hard -nostartfiles -g -Wall -Wextra"
"Compiling ttcps"
"Running Make libs in ps7_cortexa9_0/libsrc/uartps_v3_6/src"
make -C ps7_cortexa9_0/libsrc/uartps_v3_6/src -s libs  "SHELL=CMD" "COMPILER=arm-none-eabi-gcc" "ARCHIVER=arm-none-eabi-ar" "COMPILER_FLAGS=  -O2 -c" "EXTRA_COMPILER_FLAGS=-mcpu=cortex-a9 -mfpu=vfpv3 -mfloat-abi=hard -nostartfiles -g -Wall -Wextra"
"Compiling uartps"
"Running Make libs in ps7_cortexa9_0/libsrc/usbps_v2_4/src"
make -C ps7_cortexa9_0/libsrc/usbps_v2_4/src -s libs  "SHELL=CMD" "COMPILER=arm-none-eabi-gcc" "ARCHIVER=arm-none-eabi-ar" "COMPILER_FLAGS=  -O2 -c" "EXTRA_COMPILER_FLAGS=-mcpu=cortex-a9 -mfpu=vfpv3 -mfloat-abi=hard -nostartfiles -g -Wall -Wextra"
"Compiling usbps"
"Running Make libs in ps7_cortexa9_0/libsrc/xadcps_v2_2/src"
make -C ps7_cortexa9_0/libsrc/xadcps_v2_2/src -s libs  "SHELL=CMD" "COMPILER=arm-none-eabi-gcc" "ARCHIVER=arm-none-eabi-ar" "COMPILER_FLAGS=  -O2 -c" "EXTRA_COMPILER_FLAGS=-mcpu=cortex-a9 -mfpu=vfpv3 -mfloat-abi=hard -nostartfiles -g -Wall -Wextra"
"Compiling xadcps"
"Running Make libs in ps7_cortexa9_0/libsrc/xilmfs_v2_3/src"
make -C ps7_cortexa9_0/libsrc/xilmfs_v2_3/src -s libs  "SHELL=CMD" "COMPILER=arm-none-eabi-gcc" "ARCHIVER=arm-none-eabi-ar" "COMPILER_FLAGS=  -O2 -c" "EXTRA_COMPILER_FLAGS=-mcpu=cortex-a9 -mfpu=vfpv3 -mfloat-abi=hard -nostartfiles -g -Wall -Wextra"
"Compiling XilMFS Library"
mfs_filesys.c: In function 'mfs_file_lseek':
mfs_filesys.c:1010:16: warning: comparison between signed and unsigned integer expressions [-Wsign-compare]
     if (offset >= mfs_file_system[mfs_open_files[fd].first_block].block_size) { /* attempting to seek beyond end of file */
                ^~
'Finished building libraries'
08:48:18 **** Build of configuration Debug for project img_processing_app ****
make pre-build main-build 
a9-linaro-pre-build-step
' '
'Building file: ../src/echo.c'
'Invoking: ARM v7 gcc compiler'
arm-none-eabi-gcc -Wall -O0 -g3 -c -fmessage-length=0 -MT"src/echo.o" -mcpu=cortex-a9 -mfpu=vfpv3 -mfloat-abi=hard -I../../standalone_bsp/ps7_cortexa9_0/include -MMD -MP -MF"src/echo.d" -MT"src/echo.o" -o "src/echo.o" "../src/echo.c"
'Finished building: ../src/echo.c'
' '
'Building file: ../src/helpers.c'
'Invoking: ARM v7 gcc compiler'
arm-none-eabi-gcc -Wall -O0 -g3 -c -fmessage-length=0 -MT"src/helpers.o" -mcpu=cortex-a9 -mfpu=vfpv3 -mfloat-abi=hard -I../../standalone_bsp/ps7_cortexa9_0/include -MMD -MP -MF"src/helpers.d" -MT"src/helpers.o" -o "src/helpers.o" "../src/helpers.c"
../src/helpers.c: In function 'print_http_request':
../src/helpers.c:47:6: warning: unused variable 'i' [-Wunused-variable]
  int i;
      ^
../src/helpers.c: In function 'generate_http_header':
../src/helpers.c:56:9: warning: pointer targets in passing argument 1 of 'strcpy' differ in signedness [-Wpointer-sign]
  strcpy(buf, "HTTP/1.1 200 OK\r\nContent-Type: ");
         ^~~
In file included from c:\xilinx\sdk\2018.2\gnu\aarch32\nt\gcc-arm-none-eabi\arm-none-eabi\libc\usr\include\string.h:10:0,
                 from ../src/helpers.c:19:
c:\xilinx\sdk\2018.2\gnu\aarch32\nt\gcc-arm-none-eabi\arm-none-eabi\libc\usr\include\string.h:30:8: note: expected 'char * restrict' but argument is of type 'unsigned char *'
 char  *_EXFUN(strcpy,(char *__restrict, const char *__restrict));
        ^
../src/helpers.c:57:10: warning: comparison of distinct pointer types lacks a cast
  if(type == "html")
          ^~
../src/helpers.c:57:10: warning: comparison with string literal results in unspecified behavior [-Waddress]
../src/helpers.c:58:10: warning: pointer targets in passing argument 1 of 'strcat' differ in signedness [-Wpointer-sign]
   strcat(buf, "text/html");
          ^~~
In file included from c:\xilinx\sdk\2018.2\gnu\aarch32\nt\gcc-arm-none-eabi\arm-none-eabi\libc\usr\include\string.h:10:0,
                 from ../src/helpers.c:19:
c:\xilinx\sdk\2018.2\gnu\aarch32\nt\gcc-arm-none-eabi\arm-none-eabi\libc\usr\include\string.h:26:8: note: expected 'char * restrict' but argument is of type 'unsigned char *'
 char  *_EXFUN(strcat,(char *__restrict, const char *__restrict));
        ^
../src/helpers.c:59:15: warning: comparison of distinct pointer types lacks a cast
  else if(type == "css")
               ^~
../src/helpers.c:59:15: warning: comparison with string literal results in unspecified behavior [-Waddress]
../src/helpers.c:60:10: warning: pointer targets in passing argument 1 of 'strcat' differ in signedness [-Wpointer-sign]
   strcat(buf, "text/css");
          ^~~
In file included from c:\xilinx\sdk\2018.2\gnu\aarch32\nt\gcc-arm-none-eabi\arm-none-eabi\libc\usr\include\string.h:10:0,
                 from ../src/helpers.c:19:
c:\xilinx\sdk\2018.2\gnu\aarch32\nt\gcc-arm-none-eabi\arm-none-eabi\libc\usr\include\string.h:26:8: note: expected 'char * restrict' but argument is of type 'unsigned char *'
 char  *_EXFUN(strcat,(char *__restrict, const char *__restrict));
        ^
../src/helpers.c:61:15: warning: comparison of distinct pointer types lacks a cast
  else if(type == "js")
               ^~
../src/helpers.c:61:15: warning: comparison with string literal results in unspecified behavior [-Waddress]
../src/helpers.c:62:10: warning: pointer targets in passing argument 1 of 'strcat' differ in signedness [-Wpointer-sign]
   strcat(buf, "application/javascript");
          ^~~
In file included from c:\xilinx\sdk\2018.2\gnu\aarch32\nt\gcc-arm-none-eabi\arm-none-eabi\libc\usr\include\string.h:10:0,
                 from ../src/helpers.c:19:
c:\xilinx\sdk\2018.2\gnu\aarch32\nt\gcc-arm-none-eabi\arm-none-eabi\libc\usr\include\string.h:26:8: note: expected 'char * restrict' but argument is of type 'unsigned char *'
 char  *_EXFUN(strcat,(char *__restrict, const char *__restrict));
        ^
../src/helpers.c:64:9: warning: pointer targets in passing argument 1 of 'strcat' differ in signedness [-Wpointer-sign]
  strcat(buf, "\r\n");
         ^~~
In file included from c:\xilinx\sdk\2018.2\gnu\aarch32\nt\gcc-arm-none-eabi\arm-none-eabi\libc\usr\include\string.h:10:0,
                 from ../src/helpers.c:19:
c:\xilinx\sdk\2018.2\gnu\aarch32\nt\gcc-arm-none-eabi\arm-none-eabi\libc\usr\include\string.h:26:8: note: expected 'char * restrict' but argument is of type 'unsigned char *'
 char  *_EXFUN(strcat,(char *__restrict, const char *__restrict));
        ^
../src/helpers.c:67:9: warning: pointer targets in passing argument 1 of 'strcat' differ in signedness [-Wpointer-sign]
  strcat(buf, lbuf);
         ^~~
In file included from c:\xilinx\sdk\2018.2\gnu\aarch32\nt\gcc-arm-none-eabi\arm-none-eabi\libc\usr\include\string.h:10:0,
                 from ../src/helpers.c:19:
c:\xilinx\sdk\2018.2\gnu\aarch32\nt\gcc-arm-none-eabi\arm-none-eabi\libc\usr\include\string.h:26:8: note: expected 'char * restrict' but argument is of type 'unsigned char *'
 char  *_EXFUN(strcat,(char *__restrict, const char *__restrict));
        ^
../src/helpers.c:68:9: warning: pointer targets in passing argument 1 of 'strcat' differ in signedness [-Wpointer-sign]
  strcat(buf, "\r\n");
         ^~~
In file included from c:\xilinx\sdk\2018.2\gnu\aarch32\nt\gcc-arm-none-eabi\arm-none-eabi\libc\usr\include\string.h:10:0,
                 from ../src/helpers.c:19:
c:\xilinx\sdk\2018.2\gnu\aarch32\nt\gcc-arm-none-eabi\arm-none-eabi\libc\usr\include\string.h:26:8: note: expected 'char * restrict' but argument is of type 'unsigned char *'
 char  *_EXFUN(strcat,(char *__restrict, const char *__restrict));
        ^
../src/helpers.c:70:9: warning: pointer targets in passing argument 1 of 'strcat' differ in signedness [-Wpointer-sign]
  strcat(buf, "Connection: close\r\n");
         ^~~
In file included from c:\xilinx\sdk\2018.2\gnu\aarch32\nt\gcc-arm-none-eabi\arm-none-eabi\libc\usr\include\string.h:10:0,
                 from ../src/helpers.c:19:
c:\xilinx\sdk\2018.2\gnu\aarch32\nt\gcc-arm-none-eabi\arm-none-eabi\libc\usr\include\string.h:26:8: note: expected 'char * restrict' but argument is of type 'unsigned char *'
 char  *_EXFUN(strcat,(char *__restrict, const char *__restrict));
        ^
../src/helpers.c:71:9: warning: pointer targets in passing argument 1 of 'strcat' differ in signedness [-Wpointer-sign]
  strcat(buf, "\r\n");
         ^~~
In file included from c:\xilinx\sdk\2018.2\gnu\aarch32\nt\gcc-arm-none-eabi\arm-none-eabi\libc\usr\include\string.h:10:0,
                 from ../src/helpers.c:19:
c:\xilinx\sdk\2018.2\gnu\aarch32\nt\gcc-arm-none-eabi\arm-none-eabi\libc\usr\include\string.h:26:8: note: expected 'char * restrict' but argument is of type 'unsigned char *'
 char  *_EXFUN(strcat,(char *__restrict, const char *__restrict));
        ^
../src/helpers.c:73:16: warning: pointer targets in passing argument 1 of 'strlen' differ in signedness [-Wpointer-sign]
  return strlen(buf);
                ^~~
In file included from c:\xilinx\sdk\2018.2\gnu\aarch32\nt\gcc-arm-none-eabi\arm-none-eabi\libc\usr\include\string.h:10:0,
                 from ../src/helpers.c:19:
c:\xilinx\sdk\2018.2\gnu\aarch32\nt\gcc-arm-none-eabi\arm-none-eabi\libc\usr\include\string.h:33:9: note: expected 'const char *' but argument is of type 'unsigned char *'
 size_t  _EXFUN(strlen,(const char *));
         ^
'Finished building: ../src/helpers.c'
' '
'Building file: ../src/main.c'
'Invoking: ARM v7 gcc compiler'
arm-none-eabi-gcc -Wall -O0 -g3 -c -fmessage-length=0 -MT"src/main.o" -mcpu=cortex-a9 -mfpu=vfpv3 -mfloat-abi=hard -I../../standalone_bsp/ps7_cortexa9_0/include -MMD -MP -MF"src/main.d" -MT"src/main.o" -o "src/main.o" "../src/main.c"
../src/main.c:47:26: warning: 'struct ip_addr' declared inside parameter list will not be visible outside of this definition or declaration
 print_ip_settings(struct ip_addr *ip, struct ip_addr *mask, struct ip_addr *gw)
                          ^~~~~~~
../src/main.c: In function 'print_ip_settings':
../src/main.c:49:34: warning: passing argument 2 of 'print_ip' from incompatible pointer type [-Wincompatible-pointer-types]
     print_ip("Board IP:       ", ip);
                                  ^~
../src/main.c:39:1: note: expected 'ip4_addr_t * {aka struct ip4_addr *}' but argument is of type 'struct ip_addr *'
 print_ip(char *msg, ip4_addr_t *ip)
 ^~~~~~~~
../src/main.c:50:34: warning: passing argument 2 of 'print_ip' from incompatible pointer type [-Wincompatible-pointer-types]
     print_ip("Netmask :       ", mask);
                                  ^~~~
../src/main.c:39:1: note: expected 'ip4_addr_t * {aka struct ip4_addr *}' but argument is of type 'struct ip_addr *'
 print_ip(char *msg, ip4_addr_t *ip)
 ^~~~~~~~
../src/main.c:51:34: warning: passing argument 2 of 'print_ip' from incompatible pointer type [-Wincompatible-pointer-types]
     print_ip("Gateway :       ", gw);
                                  ^~
../src/main.c:39:1: note: expected 'ip4_addr_t * {aka struct ip4_addr *}' but argument is of type 'struct ip_addr *'
 print_ip(char *msg, ip4_addr_t *ip)
 ^~~~~~~~
../src/main.c: In function 'main':
../src/main.c:65:2: warning: implicit declaration of function 'init_fs'; did you mean 'mfs_init_fs'? [-Wimplicit-function-declaration]
  init_fs();
  ^~~~~~~
  mfs_init_fs
../src/main.c:75:23: warning: passing argument 1 of 'print_ip_settings' from incompatible pointer type [-Wincompatible-pointer-types]
     print_ip_settings(&ip4addr, &netmask, &gw);
                       ^
../src/main.c:47:1: note: expected 'struct ip_addr *' but argument is of type 'ip4_addr_t * {aka struct ip4_addr *}'
 print_ip_settings(struct ip_addr *ip, struct ip_addr *mask, struct ip_addr *gw)
 ^~~~~~~~~~~~~~~~~
../src/main.c:75:33: warning: passing argument 2 of 'print_ip_settings' from incompatible pointer type [-Wincompatible-pointer-types]
     print_ip_settings(&ip4addr, &netmask, &gw);
                                 ^
../src/main.c:47:1: note: expected 'struct ip_addr *' but argument is of type 'ip4_addr_t * {aka struct ip4_addr *}'
 print_ip_settings(struct ip_addr *ip, struct ip_addr *mask, struct ip_addr *gw)
 ^~~~~~~~~~~~~~~~~
../src/main.c:75:43: warning: passing argument 3 of 'print_ip_settings' from incompatible pointer type [-Wincompatible-pointer-types]
     print_ip_settings(&ip4addr, &netmask, &gw);
                                           ^
../src/main.c:47:1: note: expected 'struct ip_addr *' but argument is of type 'ip4_addr_t * {aka struct ip4_addr *}'
 print_ip_settings(struct ip_addr *ip, struct ip_addr *mask, struct ip_addr *gw)
 ^~~~~~~~~~~~~~~~~
../src/main.c:77:2: warning: implicit declaration of function 'lwip_init'; did you mean 'ip_init'? [-Wimplicit-function-declaration]
  lwip_init();
  ^~~~~~~~~
  ip_init
../src/main.c:121:5: warning: implicit declaration of function 'bram_write'; did you mean 'tcp_write'? [-Wimplicit-function-declaration]
     bram_write(image_base_ptr, bram_addr_ptr, 4020); // all channels
     ^~~~~~~~~~
     tcp_write
../src/main.c:107:21: warning: variable 'blue' set but not used [-Wunused-but-set-variable]
     u32 red, green, blue;
                     ^~~~
../src/main.c:107:14: warning: variable 'green' set but not used [-Wunused-but-set-variable]
     u32 red, green, blue;
              ^~~~~
../src/main.c:107:9: warning: variable 'red' set but not used [-Wunused-but-set-variable]
     u32 red, green, blue;
         ^~~
'Finished building: ../src/main.c'
' '
'Building file: ../src/platform_zynq.c'
'Invoking: ARM v7 gcc compiler'
arm-none-eabi-gcc -Wall -O0 -g3 -c -fmessage-length=0 -MT"src/platform_zynq.o" -mcpu=cortex-a9 -mfpu=vfpv3 -mfloat-abi=hard -I../../standalone_bsp/ps7_cortexa9_0/include -MMD -MP -MF"src/platform_zynq.d" -MT"src/platform_zynq.o" -o "src/platform_zynq.o" "../src/platform_zynq.c"
'Finished building: ../src/platform_zynq.c'
' '
'Building file: ../src/webserver.c'
'Invoking: ARM v7 gcc compiler'
arm-none-eabi-gcc -Wall -O0 -g3 -c -fmessage-length=0 -MT"src/webserver.o" -mcpu=cortex-a9 -mfpu=vfpv3 -mfloat-abi=hard -I../../standalone_bsp/ps7_cortexa9_0/include -MMD -MP -MF"src/webserver.d" -MT"src/webserver.o" -o "src/webserver.o" "../src/webserver.c"
../src/webserver.c: In function 'y_gradient':
../src/webserver.c:152:44: warning: variable 'pbm' set but not used [-Wunused-but-set-variable]
     u32 ptl, ptm, ptr, pml, pmm, pmr, pbl, pbm, pbr;
                                            ^~~
../src/webserver.c:152:29: warning: variable 'pmm' set but not used [-Wunused-but-set-variable]
     u32 ptl, ptm, ptr, pml, pmm, pmr, pbl, pbm, pbr;
                             ^~~
../src/webserver.c:152:14: warning: variable 'ptm' set but not used [-Wunused-but-set-variable]
     u32 ptl, ptm, ptr, pml, pmm, pmr, pbl, pbm, pbr;
              ^~~
../src/webserver.c: In function 'x_gradient':
../src/webserver.c:224:34: warning: variable 'pmr' set but not used [-Wunused-but-set-variable]
     u32 ptl, ptm, ptr, pml, pmm, pmr, pbl, pbm, pbr;
                                  ^~~
../src/webserver.c:224:29: warning: variable 'pmm' set but not used [-Wunused-but-set-variable]
     u32 ptl, ptm, ptr, pml, pmm, pmr, pbl, pbm, pbr;
                             ^~~
../src/webserver.c:224:24: warning: variable 'pml' set but not used [-Wunused-but-set-variable]
     u32 ptl, ptm, ptr, pml, pmm, pmr, pbl, pbm, pbr;
                        ^~~
../src/webserver.c: In function 'http_404':
../src/webserver.c:335:36: warning: pointer targets in passing argument 1 of 'generate_http_header' differ in signedness [-Wpointer-sign]
  header_len = generate_http_header(buf, len, "html");
                                    ^~~
In file included from ../src/webserver.c:44:0:
../src/helpers.h:13:5: note: expected 'unsigned char *' but argument is of type 'char *'
 int generate_http_header(unsigned char *buf, int fsize, unsigned char* type);
     ^~~~~~~~~~~~~~~~~~~~
../src/webserver.c:335:46: warning: pointer targets in passing argument 3 of 'generate_http_header' differ in signedness [-Wpointer-sign]
  header_len = generate_http_header(buf, len, "html");
                                              ^~~~~~
In file included from ../src/webserver.c:44:0:
../src/helpers.h:13:5: note: expected 'unsigned char *' but argument is of type 'char *'
 int generate_http_header(unsigned char *buf, int fsize, unsigned char* type);
     ^~~~~~~~~~~~~~~~~~~~
../src/webserver.c: In function 'gen_http_get_response':
../src/webserver.c:443:57: warning: pointer targets in passing argument 3 of 'generate_http_header' differ in signedness [-Wpointer-sign]
  header_len = generate_http_header(char_buf, file_size, fileType);
                                                         ^~~~~~~~
In file included from ../src/webserver.c:44:0:
../src/helpers.h:13:5: note: expected 'unsigned char *' but argument is of type 'char *'
 int generate_http_header(unsigned char *buf, int fsize, unsigned char* type);
     ^~~~~~~~~~~~~~~~~~~~
../src/webserver.c:460:4: warning: 'return' with no value, in function returning non-void
    return;
    ^~~~~~
../src/webserver.c:366:5: note: declared here
 int gen_http_get_response(struct tcp_pcb *pcb, char *req, int rlen)
     ^~~~~~~~~~~~~~~~~~~~~
../src/webserver.c:463:33: warning: pointer targets in passing argument 2 of 'mfs_file_read' differ in signedness [-Wpointer-sign]
   num_bytes = mfs_file_read(fd, char_buf, BUFSIZE);
                                 ^~~~~~~~
In file included from ../../standalone_bsp/ps7_cortexa9_0/include/mfs_config.h:42:0,
                 from ../src/webserver.h:23,
                 from ../src/webserver.c:43:
../../standalone_bsp/ps7_cortexa9_0/include/xilmfs.h:284:5: note: expected 'char *' but argument is of type 'unsigned char *'
 int mfs_file_read(int fd, char *buf, int buflen) ;
     ^~~~~~~~~~~~~
../src/webserver.c:378:6: warning: unused variable 'select' [-Wunused-variable]
  int select = 0; // 0 for index, 1 for other files (css, html, js, ...)
      ^~~~~~
../src/webserver.c:377:6: warning: unused variable 'count' [-Wunused-variable]
  int count = 0;
      ^~~~~
../src/webserver.c: In function 'http_rx':
../src/webserver.c:564:3: warning: 'return' with no value, in function returning non-void
   return;
   ^~~~~~
../src/webserver.c:550:7: note: declared here
 err_t http_rx(void *arg, struct tcp_pcb *tpcb, struct pbuf *p, err_t err)
       ^~~~~~~
../src/webserver.c:568:3: warning: 'return' with no value, in function returning non-void
   return;
   ^~~~~~
../src/webserver.c:550:7: note: declared here
 err_t http_rx(void *arg, struct tcp_pcb *tpcb, struct pbuf *p, err_t err)
       ^~~~~~~
'Finished building: ../src/webserver.c'
' '
'Building target: img_processing_app.elf'
'Invoking: ARM v7 gcc linker'
arm-none-eabi-gcc -mcpu=cortex-a9 -mfpu=vfpv3 -mfloat-abi=hard -Wl,-build-id=none -specs=Xilinx.spec -Wl,-T -Wl,../src/lscript.ld -L../../standalone_bsp/ps7_cortexa9_0/lib -o "img_processing_app.elf"  ./src/echo.o ./src/helpers.o ./src/main.o ./src/platform_zynq.o ./src/webserver.o   -Wl,--start-group,-lxil,-lgcc,-lc,--end-group -Wl,--start-group,-lxil,-llwip4,-lgcc,-lc,--end-group
'Finished building target: img_processing_app.elf'
' '
'Invoking: ARM v7 Print Size'
arm-none-eabi-size img_processing_app.elf  |tee "img_processing_app.elf.size"
   text	   data	    bss	    dec	    hex	filename
 167368	   4232	2152752	2324352	 237780	img_processing_app.elf
'Finished building: img_processing_app.elf.size'
' '
08:49:05 **** Incremental Build of configuration Debug for project img_processing_app ****
make pre-build main-build 
a9-linaro-pre-build-step
' '
make: Für das Ziel »main-build« ist nichts zu tun.
08:49:24 **** Incremental Build of configuration Debug for project img_processing_app ****
make pre-build main-build 
a9-linaro-pre-build-step
' '
make: Für das Ziel »main-build« ist nichts zu tun.
08:50:12 **** Incremental Build of configuration Debug for project img_processing_app ****
make pre-build main-build 
a9-linaro-pre-build-step
' '
make: Für das Ziel »main-build« ist nichts zu tun.
08:51:00 **** Auto Build of configuration Debug for project img_processing_app ****
make pre-build main-build 
a9-linaro-pre-build-step
' '
'Building file: ../src/main.c'
'Invoking: ARM v7 gcc compiler'
arm-none-eabi-gcc -Wall -O0 -g3 -c -fmessage-length=0 -MT"src/main.o" -mcpu=cortex-a9 -mfpu=vfpv3 -mfloat-abi=hard -I../../standalone_bsp/ps7_cortexa9_0/include -MMD -MP -MF"src/main.d" -MT"src/main.o" -o "src/main.o" "../src/main.c"
../src/main.c:47:26: warning: 'struct ip_addr' declared inside parameter list will not be visible outside of this definition or declaration
 print_ip_settings(struct ip_addr *ip, struct ip_addr *mask, struct ip_addr *gw)
                          ^~~~~~~
../src/main.c: In function 'print_ip_settings':
../src/main.c:49:34: warning: passing argument 2 of 'print_ip' from incompatible pointer type [-Wincompatible-pointer-types]
     print_ip("Board IP:       ", ip);
                                  ^~
../src/main.c:39:1: note: expected 'ip4_addr_t * {aka struct ip4_addr *}' but argument is of type 'struct ip_addr *'
 print_ip(char *msg, ip4_addr_t *ip)
 ^~~~~~~~
[...]
                 from C:\Projects\EmbeddedVision\SDK\img_processing\inc/helpers.h:11,
                 from ../src/helpers.c:19:
c:\xilinx\sdk\2018.2\gnu\aarch32\nt\gcc-arm-none-eabi\arm-none-eabi\libc\usr\include\string.h:26:8: note: expected 'char * restrict' but argument is of type 'unsigned char *'
 char  *_EXFUN(strcat,(char *__restrict, const char *__restrict));
        ^
../src/helpers.c:53:15: warning: comparison of distinct pointer types lacks a cast
  else if(type == "css")
               ^~
../src/helpers.c:53:15: warning: comparison with string literal results in unspecified behavior [-Waddress]
../src/helpers.c:54:10: warning: pointer targets in passing argument 1 of 'strcat' differ in signedness [-Wpointer-sign]
   strcat(buf, "text/css");
          ^~~
In file included from c:\xilinx\sdk\2018.2\gnu\aarch32\nt\gcc-arm-none-eabi\arm-none-eabi\libc\usr\include\stdio.h:29:0,
                 from C:\Projects\EmbeddedVision\SDK\img_processing\inc/helpers.h:11,
                 from ../src/helpers.c:19:
c:\xilinx\sdk\2018.2\gnu\aarch32\nt\gcc-arm-none-eabi\arm-none-eabi\libc\usr\include\string.h:26:8: note: expected 'char * restrict' but argument is of type 'unsigned char *'
 char  *_EXFUN(strcat,(char *__restrict, const char *__restrict));
        ^
../src/helpers.c:55:15: warning: comparison of distinct pointer types lacks a cast
  else if(type == "js")
               ^~
../src/helpers.c:55:15: warning: comparison with string literal results in unspecified behavior [-Waddress]
../src/helpers.c:56:10: warning: pointer targets in passing argument 1 of 'strcat' differ in signedness [-Wpointer-sign]
   strcat(buf, "application/javascript");
          ^~~
In file included from c:\xilinx\sdk\2018.2\gnu\aarch32\nt\gcc-arm-none-eabi\arm-none-eabi\libc\usr\include\stdio.h:29:0,
                 from C:\Projects\EmbeddedVision\SDK\img_processing\inc/helpers.h:11,
                 from ../src/helpers.c:19:
c:\xilinx\sdk\2018.2\gnu\aarch32\nt\gcc-arm-none-eabi\arm-none-eabi\libc\usr\include\string.h:26:8: note: expected 'char * restrict' but argument is of type 'unsigned char *'
 char  *_EXFUN(strcat,(char *__restrict, const char *__restrict));
        ^
../src/helpers.c:58:9: warning: pointer targets in passing argument 1 of 'strcat' differ in signedness [-Wpointer-sign]
  strcat(buf, "\r\n");
         ^~~
In file included from c:\xilinx\sdk\2018.2\gnu\aarch32\nt\gcc-arm-none-eabi\arm-none-eabi\libc\usr\include\stdio.h:29:0,
                 from C:\Projects\EmbeddedVision\SDK\img_processing\inc/helpers.h:11,
                 from ../src/helpers.c:19:
c:\xilinx\sdk\2018.2\gnu\aarch32\nt\gcc-arm-none-eabi\arm-none-eabi\libc\usr\include\string.h:26:8: note: expected 'char * restrict' but argument is of type 'unsigned char *'
 char  *_EXFUN(strcat,(char *__restrict, const char *__restrict));
        ^
../src/helpers.c:61:9: warning: pointer targets in passing argument 1 of 'strcat' differ in signedness [-Wpointer-sign]
  strcat(buf, lbuf);
         ^~~
In file included from c:\xilinx\sdk\2018.2\gnu\aarch32\nt\gcc-arm-none-eabi\arm-none-eabi\libc\usr\include\stdio.h:29:0,
                 from C:\Projects\EmbeddedVision\SDK\img_processing\inc/helpers.h:11,
                 from ../src/helpers.c:19:
c:\xilinx\sdk\2018.2\gnu\aarch32\nt\gcc-arm-none-eabi\arm-none-eabi\libc\usr\include\string.h:26:8: note: expected 'char * restrict' but argument is of type 'unsigned char *'
 char  *_EXFUN(strcat,(char *__restrict, const char *__restrict));
        ^
../src/helpers.c:62:9: warning: pointer targets in passing argument 1 of 'strcat' differ in signedness [-Wpointer-sign]
  strcat(buf, "\r\n");
         ^~~
In file included from c:\xilinx\sdk\2018.2\gnu\aarch32\nt\gcc-arm-none-eabi\arm-none-eabi\libc\usr\include\stdio.h:29:0,
                 from C:\Projects\EmbeddedVision\SDK\img_processing\inc/helpers.h:11,
                 from ../src/helpers.c:19:
c:\xilinx\sdk\2018.2\gnu\aarch32\nt\gcc-arm-none-eabi\arm-none-eabi\libc\usr\include\string.h:26:8: note: expected 'char * restrict' but argument is of type 'unsigned char *'
 char  *_EXFUN(strcat,(char *__restrict, const char *__restrict));
        ^
../src/helpers.c:64:9: warning: pointer targets in passing argument 1 of 'strcat' differ in signedness [-Wpointer-sign]
  strcat(buf, "Connection: close\r\n");
         ^~~
In file included from c:\xilinx\sdk\2018.2\gnu\aarch32\nt\gcc-arm-none-eabi\arm-none-eabi\libc\usr\include\stdio.h:29:0,
                 from C:\Projects\EmbeddedVision\SDK\img_processing\inc/helpers.h:11,
                 from ../src/helpers.c:19:
c:\xilinx\sdk\2018.2\gnu\aarch32\nt\gcc-arm-none-eabi\arm-none-eabi\libc\usr\include\string.h:26:8: note: expected 'char * restrict' but argument is of type 'unsigned char *'
 char  *_EXFUN(strcat,(char *__restrict, const char *__restrict));
        ^
../src/helpers.c:65:9: warning: pointer targets in passing argument 1 of 'strcat' differ in signedness [-Wpointer-sign]
  strcat(buf, "\r\n");
         ^~~
In file included from c:\xilinx\sdk\2018.2\gnu\aarch32\nt\gcc-arm-none-eabi\arm-none-eabi\libc\usr\include\stdio.h:29:0,
                 from C:\Projects\EmbeddedVision\SDK\img_processing\inc/helpers.h:11,
                 from ../src/helpers.c:19:
c:\xilinx\sdk\2018.2\gnu\aarch32\nt\gcc-arm-none-eabi\arm-none-eabi\libc\usr\include\string.h:26:8: note: expected 'char * restrict' but argument is of type 'unsigned char *'
 char  *_EXFUN(strcat,(char *__restrict, const char *__restrict));
        ^
../src/helpers.c:67:16: warning: pointer targets in passing argument 1 of 'strlen' differ in signedness [-Wpointer-sign]
  return strlen(buf);
                ^~~
In file included from c:\xilinx\sdk\2018.2\gnu\aarch32\nt\gcc-arm-none-eabi\arm-none-eabi\libc\usr\include\stdio.h:29:0,
                 from C:\Projects\EmbeddedVision\SDK\img_processing\inc/helpers.h:11,
                 from ../src/helpers.c:19:
c:\xilinx\sdk\2018.2\gnu\aarch32\nt\gcc-arm-none-eabi\arm-none-eabi\libc\usr\include\string.h:33:9: note: expected 'const char *' but argument is of type 'unsigned char *'
 size_t  _EXFUN(strlen,(const char *));
         ^
'Finished building: ../src/helpers.c'
' '
'Building file: ../src/main.c'
'Invoking: ARM v7 gcc compiler'
arm-none-eabi-gcc -Wall -O0 -g3 -I"C:\Projects\EmbeddedVision\SDK\img_processing\inc" -c -fmessage-length=0 -MT"src/main.o" -mcpu=cortex-a9 -mfpu=vfpv3 -mfloat-abi=hard -I../../standalone_bsp/ps7_cortexa9_0/include -MMD -MP -MF"src/main.d" -MT"src/main.o" -o "src/main.o" "../src/main.c"
../src/main.c:35:26: warning: 'struct ip_addr' declared inside parameter list will not be visible outside of this definition or declaration
 print_ip_settings(struct ip_addr *ip, struct ip_addr *mask, struct ip_addr *gw)
                          ^~~~~~~
../src/main.c: In function 'print_ip_settings':
../src/main.c:37:34: warning: passing argument 2 of 'print_ip' from incompatible pointer type [-Wincompatible-pointer-types]
     print_ip("Board IP:       ", ip);
                                  ^~
../src/main.c:27:1: note: expected 'ip4_addr_t * {aka struct ip4_addr *}' but argument is of type 'struct ip_addr *'
 print_ip(char *msg, ip4_addr_t *ip)
 ^~~~~~~~
../src/main.c:38:34: warning: passing argument 2 of 'print_ip' from incompatible pointer type [-Wincompatible-pointer-types]
     print_ip("Netmask :       ", mask);
                                  ^~~~
../src/main.c:27:1: note: expected 'ip4_addr_t * {aka struct ip4_addr *}' but argument is of type 'struct ip_addr *'
 print_ip(char *msg, ip4_addr_t *ip)
 ^~~~~~~~
../src/main.c:39:34: warning: passing argument 2 of 'print_ip' from incompatible pointer type [-Wincompatible-pointer-types]
     print_ip("Gateway :       ", gw);
                                  ^~
../src/main.c:27:1: note: expected 'ip4_addr_t * {aka struct ip4_addr *}' but argument is of type 'struct ip_addr *'
 print_ip(char *msg, ip4_addr_t *ip)
 ^~~~~~~~
../src/main.c: In function 'main':
../src/main.c:63:23: warning: passing argument 1 of 'print_ip_settings' from incompatible pointer type [-Wincompatible-pointer-types]
     print_ip_settings(&ip4addr, &netmask, &gw);
                       ^
../src/main.c:35:1: note: expected 'struct ip_addr *' but argument is of type 'ip4_addr_t * {aka struct ip4_addr *}'
 print_ip_settings(struct ip_addr *ip, struct ip_addr *mask, struct ip_addr *gw)
 ^~~~~~~~~~~~~~~~~
../src/main.c:63:33: warning: passing argument 2 of 'print_ip_settings' from incompatible pointer type [-Wincompatible-pointer-types]
     print_ip_settings(&ip4addr, &netmask, &gw);
                                 ^
../src/main.c:35:1: note: expected 'struct ip_addr *' but argument is of type 'ip4_addr_t * {aka struct ip4_addr *}'
 print_ip_settings(struct ip_addr *ip, struct ip_addr *mask, struct ip_addr *gw)
 ^~~~~~~~~~~~~~~~~
../src/main.c:63:43: warning: passing argument 3 of 'print_ip_settings' from incompatible pointer type [-Wincompatible-pointer-types]
     print_ip_settings(&ip4addr, &netmask, &gw);
                                           ^
../src/main.c:35:1: note: expected 'struct ip_addr *' but argument is of type 'ip4_addr_t * {aka struct ip4_addr *}'
 print_ip_settings(struct ip_addr *ip, struct ip_addr *mask, struct ip_addr *gw)
 ^~~~~~~~~~~~~~~~~
../src/main.c:65:2: warning: implicit declaration of function 'lwip_init'; did you mean 'ip_init'? [-Wimplicit-function-declaration]
  lwip_init();
  ^~~~~~~~~
  ip_init
../src/main.c:95:21: warning: variable 'blue' set but not used [-Wunused-but-set-variable]
     u32 red, green, blue;
                     ^~~~
../src/main.c:95:14: warning: variable 'green' set but not used [-Wunused-but-set-variable]
     u32 red, green, blue;
              ^~~~~
../src/main.c:95:9: warning: variable 'red' set but not used [-Wunused-but-set-variable]
     u32 red, green, blue;
         ^~~
'Finished building: ../src/main.c'
' '
'Building file: ../src/webserver.c'
'Invoking: ARM v7 gcc compiler'
arm-none-eabi-gcc -Wall -O0 -g3 -I"C:\Projects\EmbeddedVision\SDK\img_processing\inc" -c -fmessage-length=0 -MT"src/webserver.o" -mcpu=cortex-a9 -mfpu=vfpv3 -mfloat-abi=hard -I../../standalone_bsp/ps7_cortexa9_0/include -MMD -MP -MF"src/webserver.d" -MT"src/webserver.o" -o "src/webserver.o" "../src/webserver.c"
../src/webserver.c: In function 'http_404':
../src/webserver.c:67:36: warning: pointer targets in passing argument 1 of 'generate_http_header' differ in signedness [-Wpointer-sign]
  header_len = generate_http_header(buf, len, "html");
                                    ^~~
In file included from ../src/webserver.c:44:0:
C:\Projects\EmbeddedVision\SDK\img_processing\inc/helpers.h:32:5: note: expected 'unsigned char *' but argument is of type 'char *'
 int generate_http_header(unsigned char *buf, int fsize, unsigned char* type);
     ^~~~~~~~~~~~~~~~~~~~
../src/webserver.c:67:46: warning: pointer targets in passing argument 3 of 'generate_http_header' differ in signedness [-Wpointer-sign]
  header_len = generate_http_header(buf, len, "html");
                                              ^~~~~~
In file included from ../src/webserver.c:44:0:
C:\Projects\EmbeddedVision\SDK\img_processing\inc/helpers.h:32:5: note: expected 'unsigned char *' but argument is of type 'char *'
 int generate_http_header(unsigned char *buf, int fsize, unsigned char* type);
     ^~~~~~~~~~~~~~~~~~~~
../src/webserver.c: In function 'gen_http_get_response':
../src/webserver.c:175:57: warning: pointer targets in passing argument 3 of 'generate_http_header' differ in signedness [-Wpointer-sign]
  header_len = generate_http_header(char_buf, file_size, fileType);
                                                         ^~~~~~~~
In file included from ../src/webserver.c:44:0:
C:\Projects\EmbeddedVision\SDK\img_processing\inc/helpers.h:32:5: note: expected 'unsigned char *' but argument is of type 'char *'
 int generate_http_header(unsigned char *buf, int fsize, unsigned char* type);
     ^~~~~~~~~~~~~~~~~~~~
../src/webserver.c:192:4: warning: 'return' with no value, in function returning non-void
    return;
    ^~~~~~
../src/webserver.c:98:5: note: declared here
 int gen_http_get_response(struct tcp_pcb *pcb, char *req, int rlen)
     ^~~~~~~~~~~~~~~~~~~~~
../src/webserver.c:195:33: warning: pointer targets in passing argument 2 of 'mfs_file_read' differ in signedness [-Wpointer-sign]
   num_bytes = mfs_file_read(fd, char_buf, BUFSIZE);
                                 ^~~~~~~~
In file included from ../../standalone_bsp/ps7_cortexa9_0/include/mfs_config.h:42:0,
                 from C:\Projects\EmbeddedVision\SDK\img_processing\inc/webserver.h:23,
                 from ../src/webserver.c:43:
../../standalone_bsp/ps7_cortexa9_0/include/xilmfs.h:284:5: note: expected 'char *' but argument is of type 'unsigned char *'
 int mfs_file_read(int fd, char *buf, int buflen) ;
     ^~~~~~~~~~~~~
../src/webserver.c:110:6: warning: unused variable 'select' [-Wunused-variable]
  int select = 0; // 0 for index, 1 for other files (css, html, js, ...)
      ^~~~~~
../src/webserver.c:109:6: warning: unused variable 'count' [-Wunused-variable]
  int count = 0;
      ^~~~~
../src/webserver.c: In function 'http_rx':
../src/webserver.c:296:3: warning: 'return' with no value, in function returning non-void
   return;
   ^~~~~~
../src/webserver.c:282:7: note: declared here
 err_t http_rx(void *arg, struct tcp_pcb *tpcb, struct pbuf *p, err_t err)
       ^~~~~~~
../src/webserver.c:300:3: warning: 'return' with no value, in function returning non-void
   return;
   ^~~~~~
../src/webserver.c:282:7: note: declared here
 err_t http_rx(void *arg, struct tcp_pcb *tpcb, struct pbuf *p, err_t err)
       ^~~~~~~
'Finished building: ../src/webserver.c'
' '
'Building target: img_processing.elf'
'Invoking: ARM v7 gcc linker'
arm-none-eabi-gcc -mcpu=cortex-a9 -mfpu=vfpv3 -mfloat-abi=hard -Wl,-build-id=none -specs=Xilinx.spec -Wl,-T -Wl,../src/lscript.ld -L../../standalone_bsp/ps7_cortexa9_0/lib -o "img_processing.elf"  ./src/echo.o ./src/helpers.o ./src/img_processing.o ./src/main.o ./src/platform_zynq.o ./src/webserver.o   -Wl,--start-group,-lxil,-lgcc,-lc,--end-group -Wl,--start-group,-lxil,-llwip4,-lgcc,-lc,--end-group
'Finished building target: img_processing.elf'
' '
'Invoking: ARM v7 Print Size'
arm-none-eabi-size img_processing.elf  |tee "img_processing.elf.size"
   text	   data	    bss	    dec	    hex	filename
 167368	   4232	2152752	2324352	 237780	img_processing.elf
'Finished building: img_processing.elf.size'
' '
09:45:03 **** Incremental Build of configuration Debug for project img_processing ****
make pre-build main-build 
a9-linaro-pre-build-step
' '
make: Für das Ziel »main-build« ist nichts zu tun.
10:12:43 **** Incremental Build of configuration Debug for project img_processing ****
make pre-build main-build 
a9-linaro-pre-build-step
' '
make: Für das Ziel »main-build« ist nichts zu tun.
10:14:04 **** Incremental Build of configuration Debug for project img_processing ****
make pre-build main-build 
a9-linaro-pre-build-step
' '
make: Für das Ziel »main-build« ist nichts zu tun.
10:28:20 **** Auto Build of configuration Debug for project img_processing ****
make pre-build main-build 
a9-linaro-pre-build-step
' '
'Building file: ../src/main.c'
'Invoking: ARM v7 gcc compiler'
arm-none-eabi-gcc -Wall -O0 -g3 -I"C:\Projects\EmbeddedVision\SDK\img_processing\inc" -c -fmessage-length=0 -MT"src/main.o" -mcpu=cortex-a9 -mfpu=vfpv3 -mfloat-abi=hard -I../../standalone_bsp/ps7_cortexa9_0/include -MMD -MP -MF"src/main.d" -MT"src/main.o" -o "src/main.o" "../src/main.c"
../src/main.c:35:26: warning: 'struct ip_addr' declared inside parameter list will not be visible outside of this definition or declaration
 print_ip_settings(struct ip_addr *ip, struct ip_addr *mask, struct ip_addr *gw)
                          ^~~~~~~
../src/main.c: In function 'print_ip_settings':
../src/main.c:37:34: warning: passing argument 2 of 'print_ip' from incompatible pointer type [-Wincompatible-pointer-types]
     print_ip("Board IP:       ", ip);
                                  ^~
../src/main.c:27:1: note: expected 'ip4_addr_t * {aka struct ip4_addr *}' but argument is of type 'struct ip_addr *'
 print_ip(char *msg, ip4_addr_t *ip)
 ^~~~~~~~
../src/main.c:38:34: warning: passing argument 2 of 'print_ip' from incompatible pointer type [-Wincompatible-pointer-types]
     print_ip("Netmask :       ", mask);
                                  ^~~~
../src/main.c:27:1: note: expected 'ip4_addr_t * {aka struct ip4_addr *}' but argument is of type 'struct ip_addr *'
 print_ip(char *msg, ip4_addr_t *ip)
 ^~~~~~~~
../src/main.c:39:34: warning: passing argument 2 of 'print_ip' from incompatible pointer type [-Wincompatible-pointer-types]
     print_ip("Gateway :       ", gw);
                                  ^~
../src/main.c:27:1: note: expected 'ip4_addr_t * {aka struct ip4_addr *}' but argument is of type 'struct ip_addr *'
 print_ip(char *msg, ip4_addr_t *ip)
 ^~~~~~~~
../src/main.c: In function 'main':
../src/main.c:63:23: warning: passing argument 1 of 'print_ip_settings' from incompatible pointer type [-Wincompatible-pointer-types]
     print_ip_settings(&ip4addr, &netmask, &gw);
                       ^
../src/main.c:35:1: note: expected 'struct ip_addr *' but argument is of type 'ip4_addr_t * {aka struct ip4_addr *}'
 print_ip_settings(struct ip_addr *ip, struct ip_addr *mask, struct ip_addr *gw)
 ^~~~~~~~~~~~~~~~~
../src/main.c:63:33: warning: passing argument 2 of 'print_ip_settings' from incompatible pointer type [-Wincompatible-pointer-types]
     print_ip_settings(&ip4addr, &netmask, &gw);
                                 ^
../src/main.c:35:1: note: expected 'struct ip_addr *' but argument is of type 'ip4_addr_t * {aka struct ip4_addr *}'
 print_ip_settings(struct ip_addr *ip, struct ip_addr *mask, struct ip_addr *gw)
 ^~~~~~~~~~~~~~~~~
../src/main.c:63:43: warning: passing argument 3 of 'print_ip_settings' from incompatible pointer type [-Wincompatible-pointer-types]
     print_ip_settings(&ip4addr, &netmask, &gw);
                                           ^
../src/main.c:35:1: note: expected 'struct ip_addr *' but argument is of type 'ip4_addr_t * {aka struct ip4_addr *}'
 print_ip_settings(struct ip_addr *ip, struct ip_addr *mask, struct ip_addr *gw)
 ^~~~~~~~~~~~~~~~~
../src/main.c:65:2: warning: implicit declaration of function 'lwip_init'; did you mean 'ip_init'? [-Wimplicit-function-declaration]
  lwip_init();
  ^~~~~~~~~
  ip_init
../src/main.c:95:21: warning: variable 'blue' set but not used [-Wunused-but-set-variable]
     u32 red, green, blue;
                     ^~~~
../src/main.c:95:14: warning: variable 'green' set but not used [-Wunused-but-set-variable]
     u32 red, green, blue;
              ^~~~~
../src/main.c:95:9: warning: variable 'red' set but not used [-Wunused-but-set-variable]
     u32 red, green, blue;
         ^~~
'Finished building: ../src/main.c'
' '
'Building target: img_processing.elf'
'Invoking: ARM v7 gcc linker'
arm-none-eabi-gcc -mcpu=cortex-a9 -mfpu=vfpv3 -mfloat-abi=hard -Wl,-build-id=none -specs=Xilinx.spec -Wl,-T -Wl,../src/lscript.ld -L../../standalone_bsp/ps7_cortexa9_0/lib -o "img_processing.elf"  ./src/echo.o ./src/helpers.o ./src/img_processing.o ./src/main.o ./src/platform_zynq.o ./src/webserver.o   -Wl,--start-group,-lxil,-lgcc,-lc,--end-group -Wl,--start-group,-lxil,-llwip4,-lgcc,-lc,--end-group
'Finished building target: img_processing.elf'
' '
'Invoking: ARM v7 Print Size'
arm-none-eabi-size img_processing.elf  |tee "img_processing.elf.size"
   text	   data	    bss	    dec	    hex	filename
 167368	   4232	2152752	2324352	 237780	img_processing.elf
'Finished building: img_processing.elf.size'
' '
10:28:25 **** Incremental Build of configuration Debug for project img_processing ****
make pre-build main-build 
a9-linaro-pre-build-step
' '
make: Für das Ziel »main-build« ist nichts zu tun.
